 Fourmis_simul

 Timestamp is 3fa6e954 (Tue Nov 04 00:48:36 2003)

 Preferred load address is 00400000

 Start         Length     Name                   Class
 0001:00000000 000354aeH .text                   CODE
 0001:000354b0 0000252cH .text$x                 CODE
 0002:00000000 000003e4H .idata$5                DATA
 0002:000003e8 00001944H .rdata                  DATA
 0002:00001d30 00000044H .rdata$r                DATA
 0002:00001d74 000026ecH .xdata$x                DATA
 0002:00004460 000000b4H .idata$2                DATA
 0002:00004514 00000014H .idata$3                DATA
 0002:00004528 000003e4H .idata$4                DATA
 0002:0000490c 00001c0aH .idata$6                DATA
 0002:00006516 00000000H .edata                  DATA
 0003:00000000 00000004H .CRT$XCA                DATA
 0003:00000004 000000ccH .CRT$XCU                DATA
 0003:000000d0 00000004H .CRT$XCZ                DATA
 0003:000000d4 00000004H .CRT$XIA                DATA
 0003:000000d8 00000004H .CRT$XIZ                DATA
 0003:000000e0 000001f2H .data                   DATA
 0003:000002d8 00000540H .bss                    DATA
 0004:00000000 00000130H .rsrc$01                DATA
 0004:00000130 00001ba0H .rsrc$02                DATA

  Address         Publics by Value              Rva+Base     Lib:Object

 0001:00000200       ??0CLoad3DS@@QAE@XZ        00401200 f   3dsloader.obj
 0001:000002c0       ??0tLightMaterial@@QAE@XZ  004012c0 f i 3dsloader.obj
 0001:000002f0       ??0t3DModel@@QAE@XZ        004012f0 f i 3dsloader.obj
 0001:000003c0       ??1t3DModel@@QAE@XZ        004013c0 f i 3dsloader.obj
 0001:00000440       ??0CLoad3DS@@QAE@ABV0@@Z   00401440 f   3dsloader.obj
 0001:00000500       ?Import3DS@CLoad3DS@@QAE_NPAD@Z 00401500 f   3dsloader.obj
 0001:00000670       ??6_STL@@YAAAV?$basic_ostream@DV?$char_traits@D@_STL@@@0@AAV10@PBD@Z 00401670 f i 3dsloader.obj
 0001:000006c0       ?CleanUp@CLoad3DS@@AAEXXZ  004016c0 f   3dsloader.obj
 0001:00000740       ?ProcessNextChunk@CLoad3DS@@AAEXPAUt3DModel@@PAUtChunk@@@Z 00401740 f   3dsloader.obj
 0001:00000ba0       ?ProcessNextObjectChunk@CLoad3DS@@AAEXPAUt3DModel@@PAUt3DObject@@PAUtChunk@@@Z 00401ba0 f   3dsloader.obj
 0001:00000e00       ?ProcessNextMaterialChunk@CLoad3DS@@AAEXPAUt3DModel@@PAUtChunk@@@Z 00401e00 f   3dsloader.obj
 0001:000010c0       ?ReadChunk@CLoad3DS@@AAEXPAUtChunk@@@Z 004020c0 f   3dsloader.obj
 0001:00001150       ?GetString@CLoad3DS@@AAEHPAD@Z 00402150 f   3dsloader.obj
 0001:00001200       ?ReadColorChunk@CLoad3DS@@AAEXPAUtMaterialInfo@@PAUtChunk@@@Z 00402200 f   3dsloader.obj
 0001:000012c0       ?ReadVertexIndices@CLoad3DS@@AAEXPAUt3DObject@@PAUtChunk@@@Z 004022c0 f   3dsloader.obj
 0001:00001400       ?ReadUVCoordinates@CLoad3DS@@AAEXPAUt3DObject@@PAUtChunk@@@Z 00402400 f   3dsloader.obj
 0001:000014d0       ?ReadVertices@CLoad3DS@@AAEXPAUt3DObject@@PAUtChunk@@@Z 004024d0 f   3dsloader.obj
 0001:00001620       ?ReadObjectMaterial@CLoad3DS@@AAEXPAUt3DModel@@PAUt3DObject@@PAUtChunk@@@Z 00402620 f   3dsloader.obj
 0001:00001780       ?Vector@@YA?AUC3dsLoaderVector3@@U1@0@Z 00402780 f   3dsloader.obj
 0001:000017e0       ?AddVector@@YA?AUC3dsLoaderVector3@@U1@0@Z 004027e0 f   3dsloader.obj
 0001:00001840       ?DivideVectorByScaler@@YA?AUC3dsLoaderVector3@@U1@M@Z 00402840 f   3dsloader.obj
 0001:000018a0       ?Cross@@YA?AUC3dsLoaderVector3@@U1@0@Z 004028a0 f   3dsloader.obj
 0001:00001910       ?Normalize@@YA?AUC3dsLoaderVector3@@U1@@Z 00402910 f   3dsloader.obj
 0001:000019a0       ?ComputeNormals@CLoad3DS@@AAEXPAUt3DModel@@@Z 004029a0 f   3dsloader.obj
 0001:00001fb0       ?AssignMaterial@CLoad3DS@@QAEXAAUtLightMaterial@@@Z 00402fb0 f   3dsloader.obj
 0001:00002000       ?Render@CLoad3DS@@QAEXXZ   00403000 f   3dsloader.obj
 0001:00002400       ?size@?$vector@UtMaterialInfo@@V?$allocator@UtMaterialInfo@@@_STL@@@_STL@@QBEIXZ 00403400 f i 3dsloader.obj
 0001:00002440       ??A?$vector@UtMaterialInfo@@V?$allocator@UtMaterialInfo@@@_STL@@@_STL@@QAEAAUtMaterialInfo@@I@Z 00403440 f i 3dsloader.obj
 0001:00002490       ??0?$vector@UtMaterialInfo@@V?$allocator@UtMaterialInfo@@@_STL@@@_STL@@QAE@ABV?$allocator@UtMaterialInfo@@@1@@Z 00403490 f i 3dsloader.obj
 0001:000024d0       ??1?$vector@UtMaterialInfo@@V?$allocator@UtMaterialInfo@@@_STL@@@_STL@@QAE@XZ 004034d0 f i 3dsloader.obj
 0001:00002550       ?push_back@?$vector@UtMaterialInfo@@V?$allocator@UtMaterialInfo@@@_STL@@@_STL@@QAEXABUtMaterialInfo@@@Z 00403550 f i 3dsloader.obj
 0001:000025d0       ??0?$allocator@UtMaterialInfo@@@_STL@@QAE@XZ 004035d0 f i 3dsloader.obj
 0001:00002600       ??1?$allocator@UtMaterialInfo@@@_STL@@QAE@XZ 00403600 f i 3dsloader.obj
 0001:00002630       ?size@?$vector@Ut3DObject@@V?$allocator@Ut3DObject@@@_STL@@@_STL@@QBEIXZ 00403630 f i 3dsloader.obj
 0001:00002670       ??A?$vector@Ut3DObject@@V?$allocator@Ut3DObject@@@_STL@@@_STL@@QAEAAUt3DObject@@I@Z 00403670 f i 3dsloader.obj
 0001:000026c0       ??0?$vector@Ut3DObject@@V?$allocator@Ut3DObject@@@_STL@@@_STL@@QAE@ABV?$allocator@Ut3DObject@@@1@@Z 004036c0 f i 3dsloader.obj
 0001:00002700       ??1?$vector@Ut3DObject@@V?$allocator@Ut3DObject@@@_STL@@@_STL@@QAE@XZ 00403700 f i 3dsloader.obj
 0001:00002780       ?push_back@?$vector@Ut3DObject@@V?$allocator@Ut3DObject@@@_STL@@@_STL@@QAEXABUt3DObject@@@Z 00403780 f i 3dsloader.obj
 0001:00002800       ??0?$allocator@Ut3DObject@@@_STL@@QAE@XZ 00403800 f i 3dsloader.obj
 0001:00002830       ??1?$allocator@Ut3DObject@@@_STL@@QAE@XZ 00403830 f i 3dsloader.obj
 0001:00002860       ?_M_insert_overflow@?$vector@UtMaterialInfo@@V?$allocator@UtMaterialInfo@@@_STL@@@_STL@@IAEXPAUtMaterialInfo@@ABU3@ABU__false_type@2@I_N@Z 00403860 f i 3dsloader.obj
 0001:000029f0       ?begin@?$vector@UtMaterialInfo@@V?$allocator@UtMaterialInfo@@@_STL@@@_STL@@QAEPAUtMaterialInfo@@XZ 004039f0 f i 3dsloader.obj
 0001:00002a20       ??0?$_Vector_base@UtMaterialInfo@@V?$allocator@UtMaterialInfo@@@_STL@@@_STL@@QAE@ABV?$allocator@UtMaterialInfo@@@1@@Z 00403a20 f i 3dsloader.obj
 0001:00002a80       ??1?$_Vector_base@UtMaterialInfo@@V?$allocator@UtMaterialInfo@@@_STL@@@_STL@@QAE@XZ 00403a80 f i 3dsloader.obj
 0001:00002b20       ?_M_insert_overflow@?$vector@Ut3DObject@@V?$allocator@Ut3DObject@@@_STL@@@_STL@@IAEXPAUt3DObject@@ABU3@ABU__false_type@2@I_N@Z 00403b20 f i 3dsloader.obj
 0001:00002cb0       ?begin@?$vector@Ut3DObject@@V?$allocator@Ut3DObject@@@_STL@@@_STL@@QAEPAUt3DObject@@XZ 00403cb0 f i 3dsloader.obj
 0001:00002ce0       ??0?$_Vector_base@Ut3DObject@@V?$allocator@Ut3DObject@@@_STL@@@_STL@@QAE@ABV?$allocator@Ut3DObject@@@1@@Z 00403ce0 f i 3dsloader.obj
 0001:00002d40       ??1?$_Vector_base@Ut3DObject@@V?$allocator@Ut3DObject@@@_STL@@@_STL@@QAE@XZ 00403d40 f i 3dsloader.obj
 0001:00002de0       ??1?$_STLP_alloc_proxy@PAUtMaterialInfo@@U1@V?$allocator@UtMaterialInfo@@@_STL@@@_STL@@QAE@XZ 00403de0 f i 3dsloader.obj
 0001:00002e20       ??1?$_STLP_alloc_proxy@PAUt3DObject@@U1@V?$allocator@Ut3DObject@@@_STL@@@_STL@@QAE@XZ 00403e20 f i 3dsloader.obj
 0001:00002e60       ?_M_clear@?$vector@UtMaterialInfo@@V?$allocator@UtMaterialInfo@@@_STL@@@_STL@@IAEXXZ 00403e60 f i 3dsloader.obj
 0001:00002ed0       ?_M_set@?$vector@UtMaterialInfo@@V?$allocator@UtMaterialInfo@@@_STL@@@_STL@@IAEXPAUtMaterialInfo@@00@Z 00403ed0 f i 3dsloader.obj
 0001:00002f10       ??0?$_STLP_alloc_proxy@PAUtMaterialInfo@@U1@V?$allocator@UtMaterialInfo@@@_STL@@@_STL@@QAE@ABV?$allocator@UtMaterialInfo@@@1@PAUtMaterialInfo@@@Z 00403f10 f i 3dsloader.obj
 0001:00002f60       ?allocate@?$_STLP_alloc_proxy@PAUtMaterialInfo@@U1@V?$allocator@UtMaterialInfo@@@_STL@@@_STL@@QAEPAUtMaterialInfo@@I@Z 00403f60 f i 3dsloader.obj
 0001:00002fb0       ?deallocate@?$_STLP_alloc_proxy@PAUtMaterialInfo@@U1@V?$allocator@UtMaterialInfo@@@_STL@@@_STL@@QAEXPAUtMaterialInfo@@I@Z 00403fb0 f i 3dsloader.obj
 0001:00003000       ?_M_clear@?$vector@Ut3DObject@@V?$allocator@Ut3DObject@@@_STL@@@_STL@@IAEXXZ 00404000 f i 3dsloader.obj
 0001:00003070       ?_M_set@?$vector@Ut3DObject@@V?$allocator@Ut3DObject@@@_STL@@@_STL@@IAEXPAUt3DObject@@00@Z 00404070 f i 3dsloader.obj
 0001:000030b0       ??0?$_STLP_alloc_proxy@PAUt3DObject@@U1@V?$allocator@Ut3DObject@@@_STL@@@_STL@@QAE@ABV?$allocator@Ut3DObject@@@1@PAUt3DObject@@@Z 004040b0 f i 3dsloader.obj
 0001:00003100       ?allocate@?$_STLP_alloc_proxy@PAUt3DObject@@U1@V?$allocator@Ut3DObject@@@_STL@@@_STL@@QAEPAUt3DObject@@I@Z 00404100 f i 3dsloader.obj
 0001:00003150       ?deallocate@?$_STLP_alloc_proxy@PAUt3DObject@@U1@V?$allocator@Ut3DObject@@@_STL@@@_STL@@QAEXPAUt3DObject@@I@Z 00404150 f i 3dsloader.obj
 0001:000031a0       ??0?$allocator@UtMaterialInfo@@@_STL@@QAE@ABV01@@Z 004041a0 f i 3dsloader.obj
 0001:000031d0       ?allocate@?$allocator@UtMaterialInfo@@@_STL@@QBEPAUtMaterialInfo@@IPBX@Z 004041d0 f i 3dsloader.obj
 0001:00003240       ?deallocate@?$allocator@UtMaterialInfo@@@_STL@@QBEXPAUtMaterialInfo@@I@Z 00404240 f i 3dsloader.obj
 0001:000032a0       ??0?$allocator@Ut3DObject@@@_STL@@QAE@ABV01@@Z 004042a0 f i 3dsloader.obj
 0001:000032d0       ?allocate@?$allocator@Ut3DObject@@@_STL@@QBEPAUt3DObject@@IPBX@Z 004042d0 f i 3dsloader.obj
 0001:00003340       ?deallocate@?$allocator@Ut3DObject@@@_STL@@QBEXPAUt3DObject@@I@Z 00404340 f i 3dsloader.obj
 0001:000033a0       ?max@_STL@@YAABIABI0@Z     004043a0 f i 3dsloader.obj
 0001:000033f0       ?endl@_STL@@YAAAV?$basic_ostream@DV?$char_traits@D@_STL@@@1@AAV21@@Z 004043f0 f i 3dsloader.obj
 0001:00003460       ?_Destroy@_STL@@YAXPAUtMaterialInfo@@0@Z 00404460 f i 3dsloader.obj
 0001:000034b0       ?_Construct@_STL@@YAXPAUtMaterialInfo@@ABU2@@Z 004044b0 f i 3dsloader.obj
 0001:00003510       ??2@YAPAXIPAX@Z            00404510 f i 3dsloader.obj
 0001:00003540       ?_Destroy@_STL@@YAXPAUt3DObject@@0@Z 00404540 f i 3dsloader.obj
 0001:00003590       ?_Construct@_STL@@YAXPAUt3DObject@@ABU2@@Z 00404590 f i 3dsloader.obj
 0001:000035f0       ?__uninitialized_copy@_STL@@YAPAUtMaterialInfo@@PAU2@00ABU__false_type@1@@Z 004045f0 f i 3dsloader.obj
 0001:000036b0       ?__uninitialized_fill_n@_STL@@YAPAUtMaterialInfo@@PAU2@IABU2@ABU__false_type@1@@Z 004046b0 f i 3dsloader.obj
 0001:00003760       ?__uninitialized_copy@_STL@@YAPAUt3DObject@@PAU2@00ABU__false_type@1@@Z 00404760 f i 3dsloader.obj
 0001:00003820       ?__uninitialized_fill_n@_STL@@YAPAUt3DObject@@PAU2@IABU2@ABU__false_type@1@@Z 00404820 f i 3dsloader.obj
 0001:000038d0       ?__stl_alloc_rebind@_STL@@YAAAV?$allocator@UtMaterialInfo@@@1@AAV21@PBUtMaterialInfo@@@Z 004048d0 f i 3dsloader.obj
 0001:00003900       ?__stl_alloc_rebind@_STL@@YAAAV?$allocator@Ut3DObject@@@1@AAV21@PBUt3DObject@@@Z 00404900 f i 3dsloader.obj
 0001:00003930       ?value_type@_STL@@YAPAUtMaterialInfo@@PBU2@@Z 00404930 f i 3dsloader.obj
 0001:00003960       ?__destroy@_STL@@YAXPAUtMaterialInfo@@00@Z 00404960 f i 3dsloader.obj
 0001:000039a0       ?value_type@_STL@@YAPAUt3DObject@@PBU2@@Z 004049a0 f i 3dsloader.obj
 0001:000039d0       ?__destroy@_STL@@YAXPAUt3DObject@@00@Z 004049d0 f i 3dsloader.obj
 0001:00003a10       ?__destroy_aux@_STL@@YAXPAUtMaterialInfo@@0ABU__false_type@1@@Z 00404a10 f i 3dsloader.obj
 0001:00003a60       ?__destroy_aux@_STL@@YAXPAUt3DObject@@0ABU__false_type@1@@Z 00404a60 f i 3dsloader.obj
 0001:00003ab0       ?_Destroy@_STL@@YAXPAUtMaterialInfo@@@Z 00404ab0 f i 3dsloader.obj
 0001:00003ad0       ?_Destroy@_STL@@YAXPAUt3DObject@@@Z 00404ad0 f i 3dsloader.obj
 0001:00003cf0       ??0C3DObjAnim@@QAE@XZ      00404cf0 f   C3DObject.obj
 0001:00003d70       ??1C3DObjAnim@@QAE@XZ      00404d70 f   C3DObject.obj
 0001:00003e30       ?Reset@C3DObjAnim@@QAE_NXZ 00404e30 f   C3DObject.obj
 0001:00003e60       ??4C3DObjAnim@@QAEAAV0@ABV0@@Z 00404e60 f   C3DObject.obj
 0001:00004000       ??0CPosition@@QAE@XZ       00405000 f i C3DObject.obj
 0001:00004070       ??4CPosition@@QAEAAU0@U0@@Z 00405070 f i C3DObject.obj
 0001:000040d0       ??0C3DObjElement@@QAE@XZ   004050d0 f   C3DObject.obj
 0001:000042a0       ??0CBoundingBox@@QAE@XZ    004052a0 f i C3DObject.obj
 0001:000042d0       ??0CSDLChrono@@QAE@XZ      004052d0 f i C3DObject.obj
 0001:00004320       ??1C3DObjElement@@QAE@XZ   00405320 f   C3DObject.obj
 0001:00004520       ??1CSDLChrono@@QAE@XZ      00405520 f i C3DObject.obj
 0001:00004550       ?Stop@CSDLChrono@@QAEXXZ   00405550 f i C3DObject.obj
 0001:00004580       ??_GC3DObjElement@@QAEPAXI@Z 00405580 f i C3DObject.obj
 0001:000045e0       ??_GC3DObjAnim@@QAEPAXI@Z  004055e0 f i C3DObject.obj
 0001:00004640       ??_GCCastParticleSystem@@QAEPAXI@Z 00405640 f i C3DObject.obj
 0001:000046a0       ??1CCastParticleSystem@@QAE@XZ 004056a0 f i C3DObject.obj
 0001:000046e0       ?Reset@C3DObjElement@@QAE_NXZ 004056e0 f   C3DObject.obj
 0001:00004830       ??4C3DObjElement@@QAEAAV0@ABV0@@Z 00405830 f   C3DObject.obj
 0001:00004c00       ??4CBoundingBox@@QAEAAV0@ABV0@@Z 00405c00 f i C3DObject.obj
 0001:00004c60       ?SelectDefaultAnimation@C3DObjElement@@QAE_NI@Z 00405c60 f   C3DObject.obj
 0001:00004d30       ?ChangeAnimation@C3DObjElement@@QAE_NII@Z 00405d30 f   C3DObject.obj
 0001:00004eb0       ?ChangeNextAnimation@C3DObjElement@@QAE_NII@Z 00405eb0 f   C3DObject.obj
 0001:00005010       ?Load@C3DObjElement@@QAE_NPAD0_NPAUt3DTextures@@PAUt3DObjects@@PAUtLightMaterial@@@Z 00406010 f   C3DObject.obj
 0001:00005820       ?Render@C3DObjElement@@QAE_N_N@Z 00406820 f   C3DObject.obj
 0001:00005b40       ?Getdt@CSDLChrono@@QBE?BIXZ 00406b40 f i C3DObject.obj
 0001:00005b70       ?Update@CSDLChrono@@QAEXXZ 00406b70 f i C3DObject.obj
 0001:00005be0       ?IsEnabled@CParticleSystem@@QBE?B_NXZ 00406be0 f i C3DObject.obj
 0001:00005c10       ?RenderBoundingBox@C3DObjElement@@QAE_N_N@Z 00406c10 f   C3DObject.obj
 0001:00006280       ?Update@C3DObjElement@@QAE_N_N@Z 00407280 f   C3DObject.obj
 0001:000067f0       ??DCPosition@@QAE?AU0@M@Z  004077f0 f i C3DObject.obj
 0001:00006880       ??0CPosition@@QAE@MMMMMM@Z 00407880 f i C3DObject.obj
 0001:000068e0       ??HCPosition@@QAE?AU0@U0@@Z 004078e0 f i C3DObject.obj
 0001:00006970       ?ChangeFrameRateRatio@C3DObjElement@@QAE_NM@Z 00407970 f   C3DObject.obj
 0001:00006b30       ?RandomAnimationStart@C3DObjElement@@QAE_NI_NH@Z 00407b30 f   C3DObject.obj
 0001:00006d60       ?RebuilDisplayLists@C3DObjElement@@QAE_NXZ 00407d60 f   C3DObject.obj
 0001:00006e10       ?TakeObject@C3DObjElement@@QAE_NPAV1@I@Z 00407e10 f   C3DObject.obj
 0001:00006e70       ?TakeObject_priv@C3DObjElement@@AAEIPAV1@I@Z 00407e70 f   C3DObject.obj
 0001:00006fb0       ?DropObject@C3DObjElement@@QAE_NI@Z 00407fb0 f   C3DObject.obj
 0001:00007020       ?DropObject_priv@C3DObjElement@@AAEII@Z 00408020 f   C3DObject.obj
 0001:00007160       ?InitParticleSystem@C3DObjElement@@QAE_NIIMMMMMMM_NIMMAAU?$TVector3@M@@1U2@P6AXPAVCParticle@@MI@ZP6AX3M@Z@Z 00408160 f   C3DObject.obj
 0001:000073e0       ??0CCastParticleSystem@@QAE@XZ 004083e0 f i C3DObject.obj
 0001:00007440       ??0CParticleSystem@@QAE@XZ 00408440 f i C3DObject.obj
 0001:00007510       ??0CParticle@@QAE@XZ       00408510 f i C3DObject.obj
 0001:00007600       ?Init@CParticleSystem@@UAEXI_NMMMMMM0IMMAAU?$TVector3@M@@111U2@P6AXPAVCParticle@@MI@ZP6AX3M@Z@Z 00408600 f i C3DObject.obj
 0001:00007810       ??4CParticle@@QAEAAV0@AAV0@@Z 00408810 f i C3DObject.obj
 0001:00007900       ?Init@CCastParticleSystem@@QAEXIMMMMMMM_NIMMAAU?$TVector3@M@@111U2@P6AXPAVCParticle@@MI@ZP6AX3M@Z@Z 00408900 f i C3DObject.obj
 0001:000079e0       ?StartParticleSystem@C3DObjElement@@QAEXXZ 004089e0 f   C3DObject.obj
 0001:00007a70       ?Start@CSDLChrono@@QAEXXZ  00408a70 f i C3DObject.obj
 0001:00007ad0       ?Enable@CParticleSystem@@QAEXXZ 00408ad0 f i C3DObject.obj
 0001:00007b00       ?StopParticleSystem@C3DObjElement@@QAEXXZ 00408b00 f   C3DObject.obj
 0001:00007ba0       ?Disable@CParticleSystem@@QAEXXZ 00408ba0 f i C3DObject.obj
 0001:00007bd0       ?Reset@CParticleSystem@@QAEXXZ 00408bd0 f i C3DObject.obj
 0001:00007c40       ?Disable@CParticle@@QAEXXZ 00408c40 f i C3DObject.obj
 0001:00007c70       ?DeleteParticleSystem@C3DObjElement@@QAEXXZ 00408c70 f   C3DObject.obj
 0001:00007d30       ?strrmcomments@C3DObjLoader@@SAXPAD@Z 00408d30 f   C3DObject.obj
 0001:00007db0       ?strtrim@C3DObjLoader@@SA_NPAD@Z 00408db0 f   C3DObject.obj
 0001:00007ec0       ?getValueInt@C3DObjLoader@@SA_NPADPAH@Z 00408ec0 f   C3DObject.obj
 0001:00007fb0       ?getValueFloatVectorsList@C3DObjLoader@@SA_NPADPAV?$basic_ifstream@DV?$char_traits@D@_STL@@@_STL@@PAHQAY02MH@Z 00408fb0 f   C3DObject.obj
 0001:00008310       ?getValueIntList@C3DObjLoader@@SA_NPADPAV?$basic_ifstream@DV?$char_traits@D@_STL@@@_STL@@PAHQAHH@Z 00409310 f   C3DObject.obj
 0001:00008620       ?getValueString@C3DObjLoader@@SA_NPAD0@Z 00409620 f   C3DObject.obj
 0001:000086e0       ?getUIDFromName@C3DObjLoader@@SAIPADPAUANIMATIONS_NAMEUID@@@Z 004096e0 f   C3DObject.obj
 0001:00008750       ?Load3d@C3DObjLoader@@SA_NV?$basic_string@DV?$char_traits@D@_STL@@V?$allocator@D@2@@_STL@@PAPAVC3DObjElement@@PAUANIMATIONS_NAMEUID@@2@Z 00409750 f   C3DObject.obj
 0001:0000bab0       ??4CPosition@@QAEAAU0@QAY02M@Z 0040cab0 f i C3DObject.obj
 0001:0000bb20       ?GetBoundingBox@C3DObjElement@@QAEAAVCBoundingBox@@XZ 0040cb20 f i C3DObject.obj
 0001:0000bb50       ??0objstruct@@QAE@XZ       0040cb50 f i C3DObject.obj
 0001:0000bb90       ??1?$stack@PAVC3DObjElement@@V?$deque@PAVC3DObjElement@@V?$allocator@PAVC3DObjElement@@@_STL@@@_STL@@@_STL@@QAE@XZ 0040cb90 f i C3DObject.obj
 0001:0000bbd0       ??_Gobjstruct@@QAEPAXI@Z   0040cbd0 f i C3DObject.obj
 0001:0000bc30       ??1objstruct@@QAE@XZ       0040cc30 f i C3DObject.obj
 0001:0000bc80       ??A?$vector@V?$basic_string@DV?$char_traits@D@_STL@@V?$allocator@D@2@@_STL@@V?$allocator@V?$basic_string@DV?$char_traits@D@_STL@@V?$allocator@D@2@@_STL@@@2@@_STL@@QAEAAV?$basic_string@DV?$char_traits@D@_STL@@V?$allocator@D@2@@1@I@Z 0040cc80 f i C3DObject.obj
 0001:0000bcc0       ?push_back@?$vector@V?$basic_string@DV?$char_traits@D@_STL@@V?$allocator@D@2@@_STL@@V?$allocator@V?$basic_string@DV?$char_traits@D@_STL@@V?$allocator@D@2@@_STL@@@2@@_STL@@QAEXABV?$basic_string@DV?$char_traits@D@_STL@@V?$allocator@D@2@@2@@Z 0040ccc0 f i C3DObject.obj
 0001:0000bd40       ??A?$vector@IV?$allocator@I@_STL@@@_STL@@QAEAAII@Z 0040cd40 f i C3DObject.obj
 0001:0000bd80       ?push_back@?$vector@IV?$allocator@I@_STL@@@_STL@@QAEXABI@Z 0040cd80 f i C3DObject.obj
 0001:0000be00       ??A?$vector@PAVCLoad3DS@@V?$allocator@PAVCLoad3DS@@@_STL@@@_STL@@QAEAAPAVCLoad3DS@@I@Z 0040ce00 f i C3DObject.obj
 0001:0000be40       ?push_back@?$vector@PAVCLoad3DS@@V?$allocator@PAVCLoad3DS@@@_STL@@@_STL@@QAEXABQAVCLoad3DS@@@Z 0040ce40 f i C3DObject.obj
 0001:0000bec0       ??0?$TColor4@M@@QAE@MMMM@Z 0040cec0 f i C3DObject.obj
 0001:0000bf10       ??0?$stack@PAVC3DObjElement@@V?$deque@PAVC3DObjElement@@V?$allocator@PAVC3DObjElement@@@_STL@@@_STL@@@_STL@@QAE@XZ 0040cf10 f i C3DObject.obj
 0001:0000bfa0       ?empty@?$stack@PAVC3DObjElement@@V?$deque@PAVC3DObjElement@@V?$allocator@PAVC3DObjElement@@@_STL@@@_STL@@@_STL@@QBE_NXZ 0040cfa0 f i C3DObject.obj
 0001:0000bfe0       ?top@?$stack@PAVC3DObjElement@@V?$deque@PAVC3DObjElement@@V?$allocator@PAVC3DObjElement@@@_STL@@@_STL@@@_STL@@QAEAAPAVC3DObjElement@@XZ 0040cfe0 f i C3DObject.obj
 0001:0000c020       ?push@?$stack@PAVC3DObjElement@@V?$deque@PAVC3DObjElement@@V?$allocator@PAVC3DObjElement@@@_STL@@@_STL@@@_STL@@QAEXABQAVC3DObjElement@@@Z 0040d020 f i C3DObject.obj
 0001:0000c060       ?pop@?$stack@PAVC3DObjElement@@V?$deque@PAVC3DObjElement@@V?$allocator@PAVC3DObjElement@@@_STL@@@_STL@@@_STL@@QAEXXZ 0040d060 f i C3DObject.obj
 0001:0000c0a0       ??1?$deque@PAVC3DObjElement@@V?$allocator@PAVC3DObjElement@@@_STL@@@_STL@@QAE@XZ 0040d0a0 f i C3DObject.obj
 0001:0000c130       ?_M_insert_overflow@?$vector@V?$basic_string@DV?$char_traits@D@_STL@@V?$allocator@D@2@@_STL@@V?$allocator@V?$basic_string@DV?$char_traits@D@_STL@@V?$allocator@D@2@@_STL@@@2@@_STL@@IAEXPAV?$basic_string@DV?$char_traits@D@_STL@@V?$allocator@D@2@@2@ABV32@ABU__false_type@2@I_N@Z 0040d130 f i C3DObject.obj
 0001:0000c2b0       ?begin@?$vector@V?$basic_string@DV?$char_traits@D@_STL@@V?$allocator@D@2@@_STL@@V?$allocator@V?$basic_string@DV?$char_traits@D@_STL@@V?$allocator@D@2@@_STL@@@2@@_STL@@QAEPAV?$basic_string@DV?$char_traits@D@_STL@@V?$allocator@D@2@@2@XZ 0040d2b0 f i C3DObject.obj
 0001:0000c2e0       ?_M_insert_overflow@?$vector@IV?$allocator@I@_STL@@@_STL@@IAEXPAIABIABU__true_type@2@I_N@Z 0040d2e0 f i C3DObject.obj
 0001:0000c3c0       ?__copy_trivial@_STL@@YAPAXPBX0PAX@Z 0040d3c0 f i C3DObject.obj
 0001:0000c430       ?begin@?$vector@IV?$allocator@I@_STL@@@_STL@@QAEPAIXZ 0040d430 f i C3DObject.obj
 0001:0000c460       ?_M_insert_overflow@?$vector@PAVCLoad3DS@@V?$allocator@PAVCLoad3DS@@@_STL@@@_STL@@IAEXPAPAVCLoad3DS@@ABQAV3@ABU__true_type@2@I_N@Z 0040d460 f i C3DObject.obj
 0001:0000c540       ?size@?$vector@PAVCLoad3DS@@V?$allocator@PAVCLoad3DS@@@_STL@@@_STL@@QBEIXZ 0040d540 f i C3DObject.obj
 0001:0000c580       ?begin@?$vector@PAVCLoad3DS@@V?$allocator@PAVCLoad3DS@@@_STL@@@_STL@@QAEPAPAVCLoad3DS@@XZ 0040d580 f i C3DObject.obj
 0001:0000c5b0       ?back@?$deque@PAVC3DObjElement@@V?$allocator@PAVC3DObjElement@@@_STL@@@_STL@@QAEAAPAVC3DObjElement@@XZ 0040d5b0 f i C3DObject.obj
 0001:0000c600       ?empty@?$deque@PAVC3DObjElement@@V?$allocator@PAVC3DObjElement@@@_STL@@@_STL@@QBE_NXZ 0040d600 f i C3DObject.obj
 0001:0000c650       ??0?$deque@PAVC3DObjElement@@V?$allocator@PAVC3DObjElement@@@_STL@@@_STL@@QAE@ABV?$allocator@PAVC3DObjElement@@@1@@Z 0040d650 f i C3DObject.obj
 0001:0000c6a0       ?push_back@?$deque@PAVC3DObjElement@@V?$allocator@PAVC3DObjElement@@@_STL@@@_STL@@QAEXABQAVC3DObjElement@@@Z 0040d6a0 f i C3DObject.obj
 0001:0000c720       ?pop_back@?$deque@PAVC3DObjElement@@V?$allocator@PAVC3DObjElement@@@_STL@@@_STL@@QAEXXZ 0040d720 f i C3DObject.obj
 0001:0000c790       ??0?$_Deque_iterator@PAVC3DObjElement@@U?$_Nonconst_traits@PAVC3DObjElement@@@_STL@@@_STL@@QAE@ABU01@@Z 0040d790 f i C3DObject.obj
 0001:0000c7e0       ??0?$allocator@PAVC3DObjElement@@@_STL@@QAE@XZ 0040d7e0 f i C3DObject.obj
 0001:0000c810       ??1?$allocator@PAVC3DObjElement@@@_STL@@QAE@XZ 0040d810 f i C3DObject.obj
 0001:0000c840       ?size@?$vector@V?$basic_string@DV?$char_traits@D@_STL@@V?$allocator@D@2@@_STL@@V?$allocator@V?$basic_string@DV?$char_traits@D@_STL@@V?$allocator@D@2@@_STL@@@2@@_STL@@QBEIXZ 0040d840 f i C3DObject.obj
 0001:0000c880       ?_M_clear@?$vector@V?$basic_string@DV?$char_traits@D@_STL@@V?$allocator@D@2@@_STL@@V?$allocator@V?$basic_string@DV?$char_traits@D@_STL@@V?$allocator@D@2@@_STL@@@2@@_STL@@IAEXXZ 0040d880 f i C3DObject.obj
 0001:0000c8f0       ?_M_set@?$vector@V?$basic_string@DV?$char_traits@D@_STL@@V?$allocator@D@2@@_STL@@V?$allocator@V?$basic_string@DV?$char_traits@D@_STL@@V?$allocator@D@2@@_STL@@@2@@_STL@@IAEXPAV?$basic_string@DV?$char_traits@D@_STL@@V?$allocator@D@2@@2@00@Z 0040d8f0 f i C3DObject.obj
 0001:0000c930       ?allocate@?$_STLP_alloc_proxy@PAV?$basic_string@DV?$char_traits@D@_STL@@V?$allocator@D@2@@_STL@@V12@V?$allocator@V?$basic_string@DV?$char_traits@D@_STL@@V?$allocator@D@2@@_STL@@@2@@_STL@@QAEPAV?$basic_string@DV?$char_traits@D@_STL@@V?$allocator@D@2@@2@I@Z 0040d930 f i C3DObject.obj
 0001:0000c980       ?deallocate@?$_STLP_alloc_proxy@PAV?$basic_string@DV?$char_traits@D@_STL@@V?$allocator@D@2@@_STL@@V12@V?$allocator@V?$basic_string@DV?$char_traits@D@_STL@@V?$allocator@D@2@@_STL@@@2@@_STL@@QAEXPAV?$basic_string@DV?$char_traits@D@_STL@@V?$allocator@D@2@@2@I@Z 0040d980 f i C3DObject.obj
 0001:0000c9d0       ?size@?$vector@IV?$allocator@I@_STL@@@_STL@@QBEIXZ 0040d9d0 f i C3DObject.obj
 0001:0000ca10       ?_M_clear@?$vector@IV?$allocator@I@_STL@@@_STL@@IAEXXZ 0040da10 f i C3DObject.obj
 0001:0000ca80       ?_M_set@?$vector@IV?$allocator@I@_STL@@@_STL@@IAEXPAI00@Z 0040da80 f i C3DObject.obj
 0001:0000cac0       ?allocate@?$_STLP_alloc_proxy@PAIIV?$allocator@I@_STL@@@_STL@@QAEPAII@Z 0040dac0 f i C3DObject.obj
 0001:0000cb10       ?deallocate@?$_STLP_alloc_proxy@PAIIV?$allocator@I@_STL@@@_STL@@QAEXPAII@Z 0040db10 f i C3DObject.obj
 0001:0000cb60       ?allocate@?$allocator@I@_STL@@QBEPAIIPBX@Z 0040db60 f i C3DObject.obj
 0001:0000cbc0       ?deallocate@?$allocator@I@_STL@@QBEXPAII@Z 0040dbc0 f i C3DObject.obj
 0001:0000cc20       ?_M_clear@?$vector@PAVCLoad3DS@@V?$allocator@PAVCLoad3DS@@@_STL@@@_STL@@IAEXXZ 0040dc20 f i C3DObject.obj
 0001:0000cc90       ?_M_set@?$vector@PAVCLoad3DS@@V?$allocator@PAVCLoad3DS@@@_STL@@@_STL@@IAEXPAPAVCLoad3DS@@00@Z 0040dc90 f i C3DObject.obj
 0001:0000ccd0       ?allocate@?$_STLP_alloc_proxy@PAPAVCLoad3DS@@PAV1@V?$allocator@PAVCLoad3DS@@@_STL@@@_STL@@QAEPAPAVCLoad3DS@@I@Z 0040dcd0 f i C3DObject.obj
 0001:0000cd20       ?deallocate@?$_STLP_alloc_proxy@PAPAVCLoad3DS@@PAV1@V?$allocator@PAVCLoad3DS@@@_STL@@@_STL@@QAEXPAPAVCLoad3DS@@I@Z 0040dd20 f i C3DObject.obj
 0001:0000cd70       ??0?$_Deque_base@PAVC3DObjElement@@V?$allocator@PAVC3DObjElement@@@_STL@@@_STL@@QAE@ABV?$allocator@PAVC3DObjElement@@@1@I@Z 0040dd70 f i C3DObject.obj
 0001:0000ce20       ??D?$_Deque_iterator@PAVC3DObjElement@@U?$_Nonconst_traits@PAVC3DObjElement@@@_STL@@@_STL@@QBEAAPAVC3DObjElement@@XZ 0040de20 f i C3DObject.obj
 0001:0000ce50       ??F?$_Deque_iterator@PAVC3DObjElement@@U?$_Nonconst_traits@PAVC3DObjElement@@@_STL@@@_STL@@QAEAAU01@XZ 0040de50 f i C3DObject.obj
 0001:0000ce90       ??1?$_STLP_alloc_proxy@PAPAPAVC3DObjElement@@PAPAV1@V?$allocator@PAVC3DObjElement@@@_STL@@@_STL@@QAE@XZ 0040de90 f i C3DObject.obj
 0001:0000ced0       ??1?$_STLP_alloc_proxy@IPAVC3DObjElement@@V?$allocator@PAVC3DObjElement@@@_STL@@@_STL@@QAE@XZ 0040ded0 f i C3DObject.obj
 0001:0000cf10       ?allocate@?$allocator@V?$basic_string@DV?$char_traits@D@_STL@@V?$allocator@D@2@@_STL@@@_STL@@QBEPAV?$basic_string@DV?$char_traits@D@_STL@@V?$allocator@D@2@@2@IPBX@Z 0040df10 f i C3DObject.obj
 0001:0000cf70       ?deallocate@?$allocator@V?$basic_string@DV?$char_traits@D@_STL@@V?$allocator@D@2@@_STL@@@_STL@@QBEXPAV?$basic_string@DV?$char_traits@D@_STL@@V?$allocator@D@2@@2@I@Z 0040df70 f i C3DObject.obj
 0001:0000cfd0       ?allocate@?$allocator@PAVCLoad3DS@@@_STL@@QBEPAPAVCLoad3DS@@IPBX@Z 0040dfd0 f i C3DObject.obj
 0001:0000d030       ?deallocate@?$allocator@PAVCLoad3DS@@@_STL@@QBEXPAPAVCLoad3DS@@I@Z 0040e030 f i C3DObject.obj
 0001:0000d090       ??0?$_Deque_iterator@PAVC3DObjElement@@U?$_Nonconst_traits@PAVC3DObjElement@@@_STL@@@_STL@@QAE@XZ 0040e090 f i C3DObject.obj
 0001:0000d0d0       ?_M_decrement@?$_Deque_iterator_base@PAVC3DObjElement@@@_STL@@QAEXXZ 0040e0d0 f i C3DObject.obj
 0001:0000d140       ??0?$_STLP_alloc_proxy@PAPAPAVC3DObjElement@@PAPAV1@V?$allocator@PAVC3DObjElement@@@_STL@@@_STL@@QAE@ABV?$allocator@PAVC3DObjElement@@@1@PAPAPAVC3DObjElement@@@Z 0040e140 f i C3DObject.obj
 0001:0000d190       ??0?$_STLP_alloc_proxy@IPAVC3DObjElement@@V?$allocator@PAVC3DObjElement@@@_STL@@@_STL@@QAE@ABV?$allocator@PAVC3DObjElement@@@1@I@Z 0040e190 f i C3DObject.obj
 0001:0000d1e0       ??0?$_Deque_iterator_base@PAVC3DObjElement@@@_STL@@QAE@XZ 0040e1e0 f i C3DObject.obj
 0001:0000d230       ?_M_set_node@?$_Deque_iterator_base@PAVC3DObjElement@@@_STL@@QAEXPAPAPAVC3DObjElement@@@Z 0040e230 f i C3DObject.obj
 0001:0000d280       ??0?$allocator@PAVC3DObjElement@@@_STL@@QAE@ABV01@@Z 0040e280 f i C3DObject.obj
 0001:0000d2b0       ??0?$TVector3@M@@QAE@MMM@Z 0040e2b0 f i C3DObject.obj
 0001:0000d300       ??4?$TVector3@M@@QAEAAU0@ABU0@@Z 0040e300 f i C3DObject.obj
 0001:0000d350       ??1?$TVector3@M@@QAE@XZ    0040e350 f i C3DObject.obj
 0001:0000d390       ??4?$TColor4@M@@QAEAAV0@AAV0@@Z 0040e390 f i C3DObject.obj
 0001:0000d3f0       ??8_STL@@YA_NABV?$basic_string@DV?$char_traits@D@_STL@@V?$allocator@D@2@@0@PBD@Z 0040e3f0 f i C3DObject.obj
 0001:0000d490       ??6_STL@@YAAAV?$basic_ostream@DV?$char_traits@D@_STL@@@0@AAV10@ABV?$basic_string@DV?$char_traits@D@_STL@@V?$allocator@D@2@@0@@Z 0040e490 f i C3DObject.obj
 0001:0000d6b0       ??1?$_Deque_base@PAVC3DObjElement@@V?$allocator@PAVC3DObjElement@@@_STL@@@_STL@@QAE@XZ 0040e6b0 f i C3DObject.obj
 0001:0000d760       ?_M_initialize_map@?$_Deque_base@PAVC3DObjElement@@V?$allocator@PAVC3DObjElement@@@_STL@@@_STL@@IAEXI@Z 0040e760 f i C3DObject.obj
 0001:0000d8d0       ?_M_push_back_aux_v@?$deque@PAVC3DObjElement@@V?$allocator@PAVC3DObjElement@@@_STL@@@_STL@@IAEXABQAVC3DObjElement@@@Z 0040e8d0 f i C3DObject.obj
 0001:0000d9c0       ?_M_pop_back_aux@?$deque@PAVC3DObjElement@@V?$allocator@PAVC3DObjElement@@@_STL@@@_STL@@IAEXXZ 0040e9c0 f i C3DObject.obj
 0001:0000da40       ?_Destroy@_STL@@YAXPAV?$basic_string@DV?$char_traits@D@_STL@@V?$allocator@D@2@@1@0@Z 0040ea40 f i C3DObject.obj
 0001:0000da90       ?_Construct@_STL@@YAXPAV?$basic_string@DV?$char_traits@D@_STL@@V?$allocator@D@2@@1@ABV21@@Z 0040ea90 f i C3DObject.obj
 0001:0000db30       ??3@YAXPAX0@Z              0040eb30 f i C3DObject.obj
 0001:0000db50       ?_Destroy@_STL@@YAXPAI0@Z  0040eb50 f i C3DObject.obj
 0001:0000dba0       ?_Construct@_STL@@YAXPAIABI@Z 0040eba0 f i C3DObject.obj
 0001:0000dc00       ?_Destroy@_STL@@YAXPAPAVCLoad3DS@@0@Z 0040ec00 f i C3DObject.obj
 0001:0000dc50       ?_Construct@_STL@@YAXPAPAVCLoad3DS@@ABQAV2@@Z 0040ec50 f i C3DObject.obj
 0001:0000dcb0       ?_Destroy@_STL@@YAXU?$_Deque_iterator@PAVC3DObjElement@@U?$_Nonconst_traits@PAVC3DObjElement@@@_STL@@@1@0@Z 0040ecb0 f i C3DObject.obj
 0001:0000dd10       ?__uninitialized_copy@_STL@@YAPAV?$basic_string@DV?$char_traits@D@_STL@@V?$allocator@D@2@@1@PAV21@00ABU__false_type@1@@Z 0040ed10 f i C3DObject.obj
 0001:0000ddc0       ?__uninitialized_fill_n@_STL@@YAPAV?$basic_string@DV?$char_traits@D@_STL@@V?$allocator@D@2@@1@PAV21@IABV21@ABU__false_type@1@@Z 0040edc0 f i C3DObject.obj
 0001:0000de70       ?fill_n@_STL@@YAPAIPAIIABI@Z 0040ee70 f i C3DObject.obj
 0001:0000dec0       ?fill_n@_STL@@YAPAPAVCLoad3DS@@PAPAV2@IABQAV2@@Z 0040eec0 f i C3DObject.obj
 0001:0000df10       ??8_STL@@YA_NABU?$_Deque_iterator_base@PAVC3DObjElement@@@0@0@Z 0040ef10 f i C3DObject.obj
 0001:0000df40       ?_Construct@_STL@@YAXPAPAVC3DObjElement@@ABQAV2@@Z 0040ef40 f i C3DObject.obj
 0001:0000dfa0       ?_Destroy@_STL@@YAXPAPAVC3DObjElement@@@Z 0040efa0 f i C3DObject.obj
 0001:0000dfc0       ?__stl_alloc_rebind@_STL@@YAAAV?$allocator@V?$basic_string@DV?$char_traits@D@_STL@@V?$allocator@D@2@@_STL@@@1@AAV21@PBV?$basic_string@DV?$char_traits@D@_STL@@V?$allocator@D@2@@1@@Z 0040efc0 f i C3DObject.obj
 0001:0000dff0       ?__stl_alloc_rebind@_STL@@YAAAV?$allocator@I@1@AAV21@PBI@Z 0040eff0 f i C3DObject.obj
 0001:0000e020       ?__stl_alloc_rebind@_STL@@YAAAV?$allocator@PAVCLoad3DS@@@1@AAV21@PBQAVCLoad3DS@@@Z 0040f020 f i C3DObject.obj
 0001:0000e050       ?_M_reserve_map_at_back@?$deque@PAVC3DObjElement@@V?$allocator@PAVC3DObjElement@@@_STL@@@_STL@@IAEXI@Z 0040f050 f i C3DObject.obj
 0001:0000e0b0       ?buffer_size@?$_Deque_base@PAVC3DObjElement@@V?$allocator@PAVC3DObjElement@@@_STL@@@_STL@@SAIXZ 0040f0b0 f i C3DObject.obj
 0001:0000e0e0       ?allocate@?$_STLP_alloc_proxy@PAPAPAVC3DObjElement@@PAPAV1@V?$allocator@PAVC3DObjElement@@@_STL@@@_STL@@QAEPAPAPAVC3DObjElement@@I@Z 0040f0e0 f i C3DObject.obj
 0001:0000e130       ?deallocate@?$_STLP_alloc_proxy@PAPAPAVC3DObjElement@@PAPAV1@V?$allocator@PAVC3DObjElement@@@_STL@@@_STL@@QAEXPAPAPAVC3DObjElement@@I@Z 0040f130 f i C3DObject.obj
 0001:0000e180       ?allocate@?$_STLP_alloc_proxy@IPAVC3DObjElement@@V?$allocator@PAVC3DObjElement@@@_STL@@@_STL@@QAEPAPAVC3DObjElement@@I@Z 0040f180 f i C3DObject.obj
 0001:0000e1d0       ?deallocate@?$_STLP_alloc_proxy@IPAVC3DObjElement@@V?$allocator@PAVC3DObjElement@@@_STL@@@_STL@@QAEXPAPAVC3DObjElement@@I@Z 0040f1d0 f i C3DObject.obj
 0001:0000e220       ?allocate@?$allocator@PAVC3DObjElement@@@_STL@@QBEPAPAVC3DObjElement@@IPBX@Z 0040f220 f i C3DObject.obj
 0001:0000e280       ?deallocate@?$allocator@PAVC3DObjElement@@@_STL@@QBEXPAPAVC3DObjElement@@I@Z 0040f280 f i C3DObject.obj
 0001:0000e2e0       ?allocate@?$allocator@PAPAVC3DObjElement@@@_STL@@QBEPAPAPAVC3DObjElement@@IPBX@Z 0040f2e0 f i C3DObject.obj
 0001:0000e340       ?deallocate@?$allocator@PAPAVC3DObjElement@@@_STL@@QBEXPAPAPAVC3DObjElement@@I@Z 0040f340 f i C3DObject.obj
 0001:0000e3a0       ??0?$TVector2@M@@QAE@MM@Z  0040f3a0 f i C3DObject.obj
 0001:0000e3e0       ??1?$TVector2@M@@QAE@XZ    0040f3e0 f i C3DObject.obj
 0001:0000e410       ?__stlp_string_fill@_STL@@YA_NAAV?$basic_ostream@DV?$char_traits@D@_STL@@@1@PAV?$basic_streambuf@DV?$char_traits@D@_STL@@@1@I@Z 0040f410 f i C3DObject.obj
 0001:0000e4e0       ?eof@?$__char_traits_base@DH@_STL@@SAHXZ 0040f4e0 f i C3DObject.obj
 0001:0000e510       ?_M_create_nodes@?$_Deque_base@PAVC3DObjElement@@V?$allocator@PAVC3DObjElement@@@_STL@@@_STL@@IAEXPAPAPAVC3DObjElement@@0@Z 0040f510 f i C3DObject.obj
 0001:0000e5d0       ?_M_destroy_nodes@?$_Deque_base@PAVC3DObjElement@@V?$allocator@PAVC3DObjElement@@@_STL@@@_STL@@IAEXPAPAPAVC3DObjElement@@0@Z 0040f5d0 f i C3DObject.obj
 0001:0000e640       ?_M_reallocate_map@?$deque@PAVC3DObjElement@@V?$allocator@PAVC3DObjElement@@@_STL@@@_STL@@IAEXI_N@Z 0040f640 f i C3DObject.obj
 0001:0000e7e0       ?value_type@_STL@@YAPAV?$basic_string@DV?$char_traits@D@_STL@@V?$allocator@D@2@@1@PBV21@@Z 0040f7e0 f i C3DObject.obj
 0001:0000e810       ?__destroy@_STL@@YAXPAV?$basic_string@DV?$char_traits@D@_STL@@V?$allocator@D@2@@1@00@Z 0040f810 f i C3DObject.obj
 0001:0000e850       ?value_type@_STL@@YAPAIPBI@Z 0040f850 f i C3DObject.obj
 0001:0000e880       ?__destroy@_STL@@YAXPAI00@Z 0040f880 f i C3DObject.obj
 0001:0000e8c0       ?value_type@_STL@@YAPAPAVCLoad3DS@@PBQAV2@@Z 0040f8c0 f i C3DObject.obj
 0001:0000e8f0       ?__destroy@_STL@@YAXPAPAVCLoad3DS@@00@Z 0040f8f0 f i C3DObject.obj
 0001:0000e930       ?value_type@_STL@@YAPAPAVC3DObjElement@@ABU?$_Deque_iterator@PAVC3DObjElement@@U?$_Nonconst_traits@PAVC3DObjElement@@@_STL@@@1@@Z 0040f930 f i C3DObject.obj
 0001:0000e960       ?__destroy@_STL@@YAXU?$_Deque_iterator@PAVC3DObjElement@@U?$_Nonconst_traits@PAVC3DObjElement@@@_STL@@@1@0PAPAVC3DObjElement@@@Z 0040f960 f i C3DObject.obj
 0001:0000e9c0       ?__stl_alloc_rebind@_STL@@YAAAV?$allocator@PAPAVC3DObjElement@@@1@AAV?$allocator@PAVC3DObjElement@@@1@PBQAPAVC3DObjElement@@@Z 0040f9c0 f i C3DObject.obj
 0001:0000e9f0       ?__stl_alloc_rebind@_STL@@YAAAV?$allocator@PAVC3DObjElement@@@1@AAV21@PBQAVC3DObjElement@@@Z 0040f9f0 f i C3DObject.obj
 0001:0000ea20       ?eq_int_type@?$__char_traits_base@DH@_STL@@SA_NABH0@Z 0040fa20 f i C3DObject.obj
 0001:0000ea50       ?copy@_STL@@YAPAPAPAVC3DObjElement@@PAPAPAV2@00@Z 0040fa50 f i C3DObject.obj
 0001:0000eaa0       ?copy_backward@_STL@@YAPAPAPAVC3DObjElement@@PAPAPAV2@00@Z 0040faa0 f i C3DObject.obj
 0001:0000eaf0       ?__destroy_aux@_STL@@YAXPAV?$basic_string@DV?$char_traits@D@_STL@@V?$allocator@D@2@@1@0ABU__false_type@1@@Z 0040faf0 f i C3DObject.obj
 0001:0000eb40       ?__destroy_aux@_STL@@YAXPAI0ABU__true_type@1@@Z 0040fb40 f i C3DObject.obj
 0001:0000eb60       ?__destroy_aux@_STL@@YAXPAPAVCLoad3DS@@0ABU__true_type@1@@Z 0040fb60 f i C3DObject.obj
 0001:0000eb80       ?__destroy_aux@_STL@@YAXU?$_Deque_iterator@PAVC3DObjElement@@U?$_Nonconst_traits@PAVC3DObjElement@@@_STL@@@1@0ABU__true_type@1@@Z 0040fb80 f i C3DObject.obj
 0001:0000eba0       ?_Ret@?$_BothPtrType@PAPAPAVC3DObjElement@@PAPAPAV1@@_STL@@SA?AU__true_type@2@XZ 0040fba0 f i C3DObject.obj
 0001:0000ebd0       ?__copy_aux@_STL@@YAPAPAPAVC3DObjElement@@PAPAPAV2@00ABU__true_type@1@@Z 0040fbd0 f i C3DObject.obj
 0001:0000ec40       ?__copy_backward_aux@_STL@@YAPAPAPAVC3DObjElement@@PAPAPAV2@00ABU__true_type@1@@Z 0040fc40 f i C3DObject.obj
 0001:0000ecb0       ?_Destroy@_STL@@YAXPAV?$basic_string@DV?$char_traits@D@_STL@@V?$allocator@D@2@@1@@Z 0040fcb0 f i C3DObject.obj
 0001:0000ecf0       ??_G?$basic_string@DV?$char_traits@D@_STL@@V?$allocator@D@2@@_STL@@QAEPAXI@Z 0040fcf0 f i C3DObject.obj
 0001:0000ed50       ?_Ret@?$_OKToMemCpy@PAPAVC3DObjElement@@PAPAV1@@_STL@@SA?AU__true_type@2@XZ 0040fd50 f i C3DObject.obj
 0001:0000ed80       ?value_type@_STL@@YAPAPAPAVC3DObjElement@@PBQAPAV2@@Z 0040fd80 f i C3DObject.obj
 0001:0000edb0       ?_IsOKToMemCpy@_STL@@YA?AU?$_OKToMemCpy@PAPAVC3DObjElement@@PAPAV1@@1@PAPAPAVC3DObjElement@@0@Z 0040fdb0 f i C3DObject.obj
 0001:0000ede0       ?__copy_ptrs@_STL@@YAPAPAPAVC3DObjElement@@PAPAPAV2@00ABU__true_type@1@@Z 0040fde0 f i C3DObject.obj
 0001:0000ee20       ?__copy_backward_ptrs@_STL@@YAPAPAPAVC3DObjElement@@PAPAPAV2@00ABU__true_type@1@@Z 0040fe20 f i C3DObject.obj
 0001:0000ee60       ?__copy_trivial_backward@_STL@@YAPAXPBX0PAX@Z 0040fe60 f i C3DObject.obj
 0001:0000efd0       ?Assign3dObject@C3DObjEditor@@QAEXPAVC3DObjElement@@@Z 0040ffd0 f   C3DObjEditor.obj
 0001:0000f020       ?SearchObject_priv@C3DObjEditor@@AAEPAVC3DObjElement@@PAV2@H@Z 00410020 f   C3DObjEditor.obj
 0001:0000f0c0       ?GetChildrenNumber@C3DObjElement@@QAEAAIXZ 004100c0 f i C3DObjEditor.obj
 0001:0000f0f0       ?GetNextID_priv@C3DObjEditor@@AAEHXZ 004100f0 f   C3DObjEditor.obj
 0001:0000f150       ?SwitchAnimation@C3DObjEditor@@QAEXII@Z 00410150 f   C3DObjEditor.obj
 0001:0000f1d0       ?Render@C3DObjEditor@@QAEXXZ 004101d0 f   C3DObjEditor.obj
 0001:0000f280       ?SelectNextObject@C3DObjEditor@@QAEXXZ 00410280 f   C3DObjEditor.obj
 0001:0000f300       ?FixCurrentAnimationAnimation@C3DObjEditor@@QAEXXZ 00410300 f i C3DObjEditor.obj
 0001:0000f380       ?Render@CBubbleTexture@@QBEXXZ 00410380 f   CBubbleText.obj
 0001:0000fbd0       ??G?$TVector3@M@@QBE?AU0@ABU0@@Z 00410bd0 f i CBubbleText.obj
 0001:0000fc50       ??D?$TVector3@M@@QBE?AU0@M@Z 00410c50 f i CBubbleText.obj
 0001:0000fcc0       ??Y?$TVector3@M@@QAEAAU0@ABU0@@Z 00410cc0 f i CBubbleText.obj
 0001:0000fd20       ??Z?$TVector3@M@@QAEAAU0@ABU0@@Z 00410d20 f i CBubbleText.obj
 0001:0000fd80       ?PositionCamera3fv@CCamera@@QAEXABU?$TVector3@M@@000@Z 00410d80 f   CCamera.obj
 0001:0000fdf0       ?PositionCameraf@CCamera@@QAEXMMMMMMMMMMMM@Z 00410df0 f   CCamera.obj
 0001:0000fe90       ?Look@CCamera@@QAEXXZ      00410e90 f   CCamera.obj
 0001:0000ffd0       ?MoveCamera@CCamera@@QAEXM@Z 00410fd0 f   CCamera.obj
 0001:000100c0       ?RotateView@CCamera@@QAEXMMMM@Z 004110c0 f   CCamera.obj
 0001:000102d0       ?RotateAround@CCamera@@QAEXU?$TVector3@M@@MMMM@Z 004112d0 f   CCamera.obj
 0001:000104f0       ?SetMouseView@CCamera@@QAEXHH@Z 004114f0 f   CCamera.obj
 0001:000105f0       ?Update@CCamera@@QAEXXZ    004115f0 f   CCamera.obj
 0001:000106c0       ?cross_product@@YA?AU?$TVector3@M@@ABU1@0@Z 004116c0 f i CCamera.obj
 0001:00010710       ?ChangeMode@CCamera@@QAEXW4CModeCamera@@MM@Z 00411710 f   CCamera.obj
 0001:000108c0       ??0?$TVector3@M@@QAE@XZ    004118c0 f i CCamera.obj
 0001:00010910       ??H?$TVector3@M@@QBE?AU0@ABU0@@Z 00411910 f i CCamera.obj
 0001:00010990       ?Normalize@?$TVector3@M@@QAEAAU1@XZ 00411990 f i CCamera.obj
 0001:00010a10       ?CrossProd@?$TVector3@M@@QBE?AU1@ABU1@@Z 00411a10 f i CCamera.obj
 0001:00010ab0       ??0?$TVector2@M@@QAE@XZ    00411ab0 f i CCamera.obj
 0001:00010af0       ?Norm@?$TVector3@M@@QBEMXZ 00411af0 f i CCamera.obj
 0001:00010d60       ?InitAudio@CSoundManager@@QAE_NXZ 00411d60 f   CSoundManager.obj
 0001:00010db0       ??1CSoundManager@@QAE@XZ   00411db0 f   CSoundManager.obj
 0001:00010ed0       ??9_Rb_tree_base_iterator@_STL@@QBE_NABU01@@Z 00411ed0 f i CSoundManager.obj
 0001:00010f10       ??1?$map@IPAU_Mix_Music@@U?$less@I@_STL@@V?$allocator@U?$pair@$$CBIPAU_Mix_Music@@@_STL@@@3@@_STL@@QAE@XZ 00411f10 f i CSoundManager.obj
 0001:00010f50       ??1?$map@IPAUMix_Chunk@@U?$less@I@_STL@@V?$allocator@U?$pair@$$CBIPAUMix_Chunk@@@_STL@@@3@@_STL@@QAE@XZ 00411f50 f i CSoundManager.obj
 0001:00010f90       ?AddMusic@CSoundManager@@QAE_NPADI@Z 00411f90 f   CSoundManager.obj
 0001:00011000       ?PlayMusic@CSoundManager@@QAE_NI_N@Z 00412000 f   CSoundManager.obj
 0001:000110f0       ?StopMusic@CSoundManager@@QAEXXZ 004120f0 f   CSoundManager.obj
 0001:00011130       ?AddSound@CSoundManager@@QAE_NPADI@Z 00412130 f   CSoundManager.obj
 0001:000111f0       ?PlaySoundA@CSoundManager@@QAEHI_N@Z 004121f0 f   CSoundManager.obj
 0001:000112f0       ?StopSound@CSoundManager@@QAEXH@Z 004122f0 f   CSoundManager.obj
 0001:00011330       ?begin@?$map@IPAU_Mix_Music@@U?$less@I@_STL@@V?$allocator@U?$pair@$$CBIPAU_Mix_Music@@@_STL@@@3@@_STL@@QAE?AU?$_Rb_tree_iterator@U?$pair@$$CBIPAU_Mix_Music@@@_STL@@U?$_Nonconst_traits@U?$pair@$$CBIPAU_Mix_Music@@@_STL@@@2@@2@XZ 00412330 f i CSoundManager.obj
 0001:00011370       ?end@?$map@IPAU_Mix_Music@@U?$less@I@_STL@@V?$allocator@U?$pair@$$CBIPAU_Mix_Music@@@_STL@@@3@@_STL@@QAE?AU?$_Rb_tree_iterator@U?$pair@$$CBIPAU_Mix_Music@@@_STL@@U?$_Nonconst_traits@U?$pair@$$CBIPAU_Mix_Music@@@_STL@@@2@@2@XZ 00412370 f i CSoundManager.obj
 0001:000113b0       ?insert@?$map@IPAU_Mix_Music@@U?$less@I@_STL@@V?$allocator@U?$pair@$$CBIPAU_Mix_Music@@@_STL@@@3@@_STL@@QAE?AU?$pair@U?$_Rb_tree_iterator@U?$pair@$$CBIPAU_Mix_Music@@@_STL@@U?$_Nonconst_traits@U?$pair@$$CBIPAU_Mix_Music@@@_STL@@@2@@_STL@@_N@2@ABU?$pair@$$CBIPAU_Mix_Music@@@2@@Z 004123b0 f i CSoundManager.obj
 0001:00011400       ?find@?$map@IPAU_Mix_Music@@U?$less@I@_STL@@V?$allocator@U?$pair@$$CBIPAU_Mix_Music@@@_STL@@@3@@_STL@@QAE?AU?$_Rb_tree_iterator@U?$pair@$$CBIPAU_Mix_Music@@@_STL@@U?$_Nonconst_traits@U?$pair@$$CBIPAU_Mix_Music@@@_STL@@@2@@2@ABI@Z 00412400 f i CSoundManager.obj
 0001:00011450       ??1?$_Rb_tree@IU?$pair@$$CBIPAU_Mix_Music@@@_STL@@U?$_Select1st@U?$pair@$$CBIPAU_Mix_Music@@@_STL@@@2@U?$less@I@2@V?$allocator@U?$pair@$$CBIPAU_Mix_Music@@@_STL@@@2@@_STL@@QAE@XZ 00412450 f i CSoundManager.obj
 0001:000114c0       ??C?$_Rb_tree_iterator@U?$pair@$$CBIPAU_Mix_Music@@@_STL@@U?$_Nonconst_traits@U?$pair@$$CBIPAU_Mix_Music@@@_STL@@@2@@_STL@@QBEPAU?$pair@$$CBIPAU_Mix_Music@@@1@XZ 004124c0 f i CSoundManager.obj
 0001:00011500       ??E?$_Rb_tree_iterator@U?$pair@$$CBIPAU_Mix_Music@@@_STL@@U?$_Nonconst_traits@U?$pair@$$CBIPAU_Mix_Music@@@_STL@@@2@@_STL@@QAEAAU01@XZ 00412500 f i CSoundManager.obj
 0001:00011550       ?begin@?$map@IPAUMix_Chunk@@U?$less@I@_STL@@V?$allocator@U?$pair@$$CBIPAUMix_Chunk@@@_STL@@@3@@_STL@@QAE?AU?$_Rb_tree_iterator@U?$pair@$$CBIPAUMix_Chunk@@@_STL@@U?$_Nonconst_traits@U?$pair@$$CBIPAUMix_Chunk@@@_STL@@@2@@2@XZ 00412550 f i CSoundManager.obj
 0001:00011590       ?end@?$map@IPAUMix_Chunk@@U?$less@I@_STL@@V?$allocator@U?$pair@$$CBIPAUMix_Chunk@@@_STL@@@3@@_STL@@QAE?AU?$_Rb_tree_iterator@U?$pair@$$CBIPAUMix_Chunk@@@_STL@@U?$_Nonconst_traits@U?$pair@$$CBIPAUMix_Chunk@@@_STL@@@2@@2@XZ 00412590 f i CSoundManager.obj
 0001:000115d0       ?insert@?$map@IPAUMix_Chunk@@U?$less@I@_STL@@V?$allocator@U?$pair@$$CBIPAUMix_Chunk@@@_STL@@@3@@_STL@@QAE?AU?$pair@U?$_Rb_tree_iterator@U?$pair@$$CBIPAUMix_Chunk@@@_STL@@U?$_Nonconst_traits@U?$pair@$$CBIPAUMix_Chunk@@@_STL@@@2@@_STL@@_N@2@ABU?$pair@$$CBIPAUMix_Chunk@@@2@@Z 004125d0 f i CSoundManager.obj
 0001:00011620       ?find@?$map@IPAUMix_Chunk@@U?$less@I@_STL@@V?$allocator@U?$pair@$$CBIPAUMix_Chunk@@@_STL@@@3@@_STL@@QAE?AU?$_Rb_tree_iterator@U?$pair@$$CBIPAUMix_Chunk@@@_STL@@U?$_Nonconst_traits@U?$pair@$$CBIPAUMix_Chunk@@@_STL@@@2@@2@ABI@Z 00412620 f i CSoundManager.obj
 0001:00011670       ??1?$_Rb_tree@IU?$pair@$$CBIPAUMix_Chunk@@@_STL@@U?$_Select1st@U?$pair@$$CBIPAUMix_Chunk@@@_STL@@@2@U?$less@I@2@V?$allocator@U?$pair@$$CBIPAUMix_Chunk@@@_STL@@@2@@_STL@@QAE@XZ 00412670 f i CSoundManager.obj
 0001:000116e0       ??C?$_Rb_tree_iterator@U?$pair@$$CBIPAUMix_Chunk@@@_STL@@U?$_Nonconst_traits@U?$pair@$$CBIPAUMix_Chunk@@@_STL@@@2@@_STL@@QBEPAU?$pair@$$CBIPAUMix_Chunk@@@1@XZ 004126e0 f i CSoundManager.obj
 0001:00011720       ??E?$_Rb_tree_iterator@U?$pair@$$CBIPAUMix_Chunk@@@_STL@@U?$_Nonconst_traits@U?$pair@$$CBIPAUMix_Chunk@@@_STL@@@2@@_STL@@QAEAAU01@XZ 00412720 f i CSoundManager.obj
 0001:00011770       ??1?$TSingleton@VCSoundManager@@@@QAE@XZ 00412770 f i CSoundManager.obj
 0001:000117e0       ??0?$pair@$$CBIPAU_Mix_Music@@@_STL@@QAE@ABIABQAU_Mix_Music@@@Z 004127e0 f i CSoundManager.obj
 0001:00011820       ??0?$pair@$$CBIPAUMix_Chunk@@@_STL@@QAE@ABIABQAUMix_Chunk@@@Z 00412820 f i CSoundManager.obj
 0001:00011860       ?begin@?$_Rb_tree@IU?$pair@$$CBIPAU_Mix_Music@@@_STL@@U?$_Select1st@U?$pair@$$CBIPAU_Mix_Music@@@_STL@@@2@U?$less@I@2@V?$allocator@U?$pair@$$CBIPAU_Mix_Music@@@_STL@@@2@@_STL@@QAE?AU?$_Rb_tree_iterator@U?$pair@$$CBIPAU_Mix_Music@@@_STL@@U?$_Nonconst_traits@U?$pair@$$CBIPAU_Mix_Music@@@_STL@@@2@@2@XZ 00412860 f i CSoundManager.obj
 0001:000118b0       ?end@?$_Rb_tree@IU?$pair@$$CBIPAU_Mix_Music@@@_STL@@U?$_Select1st@U?$pair@$$CBIPAU_Mix_Music@@@_STL@@@2@U?$less@I@2@V?$allocator@U?$pair@$$CBIPAU_Mix_Music@@@_STL@@@2@@_STL@@QAE?AU?$_Rb_tree_iterator@U?$pair@$$CBIPAU_Mix_Music@@@_STL@@U?$_Nonconst_traits@U?$pair@$$CBIPAU_Mix_Music@@@_STL@@@2@@2@XZ 004128b0 f i CSoundManager.obj
 0001:00011900       ?clear@?$_Rb_tree@IU?$pair@$$CBIPAU_Mix_Music@@@_STL@@U?$_Select1st@U?$pair@$$CBIPAU_Mix_Music@@@_STL@@@2@U?$less@I@2@V?$allocator@U?$pair@$$CBIPAU_Mix_Music@@@_STL@@@2@@_STL@@QAEXXZ 00412900 f i CSoundManager.obj
 0001:00011980       ??1?$_Rb_tree_base@U?$pair@$$CBIPAU_Mix_Music@@@_STL@@V?$allocator@U?$pair@$$CBIPAU_Mix_Music@@@_STL@@@2@@_STL@@QAE@XZ 00412980 f i CSoundManager.obj
 0001:00011a00       ??D?$_Rb_tree_iterator@U?$pair@$$CBIPAU_Mix_Music@@@_STL@@U?$_Nonconst_traits@U?$pair@$$CBIPAU_Mix_Music@@@_STL@@@2@@_STL@@QBEAAU?$pair@$$CBIPAU_Mix_Music@@@1@XZ 00412a00 f i CSoundManager.obj
 0001:00011a30       ?begin@?$_Rb_tree@IU?$pair@$$CBIPAUMix_Chunk@@@_STL@@U?$_Select1st@U?$pair@$$CBIPAUMix_Chunk@@@_STL@@@2@U?$less@I@2@V?$allocator@U?$pair@$$CBIPAUMix_Chunk@@@_STL@@@2@@_STL@@QAE?AU?$_Rb_tree_iterator@U?$pair@$$CBIPAUMix_Chunk@@@_STL@@U?$_Nonconst_traits@U?$pair@$$CBIPAUMix_Chunk@@@_STL@@@2@@2@XZ 00412a30 f i CSoundManager.obj
 0001:00011a80       ?end@?$_Rb_tree@IU?$pair@$$CBIPAUMix_Chunk@@@_STL@@U?$_Select1st@U?$pair@$$CBIPAUMix_Chunk@@@_STL@@@2@U?$less@I@2@V?$allocator@U?$pair@$$CBIPAUMix_Chunk@@@_STL@@@2@@_STL@@QAE?AU?$_Rb_tree_iterator@U?$pair@$$CBIPAUMix_Chunk@@@_STL@@U?$_Nonconst_traits@U?$pair@$$CBIPAUMix_Chunk@@@_STL@@@2@@2@XZ 00412a80 f i CSoundManager.obj
 0001:00011ad0       ?clear@?$_Rb_tree@IU?$pair@$$CBIPAUMix_Chunk@@@_STL@@U?$_Select1st@U?$pair@$$CBIPAUMix_Chunk@@@_STL@@@2@U?$less@I@2@V?$allocator@U?$pair@$$CBIPAUMix_Chunk@@@_STL@@@2@@_STL@@QAEXXZ 00412ad0 f i CSoundManager.obj
 0001:00011b50       ??1?$_Rb_tree_base@U?$pair@$$CBIPAUMix_Chunk@@@_STL@@V?$allocator@U?$pair@$$CBIPAUMix_Chunk@@@_STL@@@2@@_STL@@QAE@XZ 00412b50 f i CSoundManager.obj
 0001:00011bd0       ??D?$_Rb_tree_iterator@U?$pair@$$CBIPAUMix_Chunk@@@_STL@@U?$_Nonconst_traits@U?$pair@$$CBIPAUMix_Chunk@@@_STL@@@2@@_STL@@QBEAAU?$pair@$$CBIPAUMix_Chunk@@@1@XZ 00412bd0 f i CSoundManager.obj
 0001:00011c00       ??1?$_STLP_alloc_proxy@PAU?$_Rb_tree_node@U?$pair@$$CBIPAU_Mix_Music@@@_STL@@@_STL@@U12@V?$allocator@U?$pair@$$CBIPAU_Mix_Music@@@_STL@@@2@@_STL@@QAE@XZ 00412c00 f i CSoundManager.obj
 0001:00011c40       ??1?$allocator@U?$pair@$$CBIPAU_Mix_Music@@@_STL@@@_STL@@QAE@XZ 00412c40 f i CSoundManager.obj
 0001:00011c70       ??1?$_STLP_alloc_proxy@PAU?$_Rb_tree_node@U?$pair@$$CBIPAUMix_Chunk@@@_STL@@@_STL@@U12@V?$allocator@U?$pair@$$CBIPAUMix_Chunk@@@_STL@@@2@@_STL@@QAE@XZ 00412c70 f i CSoundManager.obj
 0001:00011cb0       ??1?$allocator@U?$pair@$$CBIPAUMix_Chunk@@@_STL@@@_STL@@QAE@XZ 00412cb0 f i CSoundManager.obj
 0001:00011ce0       ?_M_root@?$_Rb_tree@IU?$pair@$$CBIPAU_Mix_Music@@@_STL@@U?$_Select1st@U?$pair@$$CBIPAU_Mix_Music@@@_STL@@@2@U?$less@I@2@V?$allocator@U?$pair@$$CBIPAU_Mix_Music@@@_STL@@@2@@_STL@@IBEAAPAU?$_Rb_tree_node@U?$pair@$$CBIPAU_Mix_Music@@@_STL@@@2@XZ 00412ce0 f i CSoundManager.obj
 0001:00011d10       ?_M_leftmost@?$_Rb_tree@IU?$pair@$$CBIPAU_Mix_Music@@@_STL@@U?$_Select1st@U?$pair@$$CBIPAU_Mix_Music@@@_STL@@@2@U?$less@I@2@V?$allocator@U?$pair@$$CBIPAU_Mix_Music@@@_STL@@@2@@_STL@@IBEAAPAU?$_Rb_tree_node@U?$pair@$$CBIPAU_Mix_Music@@@_STL@@@2@XZ 00412d10 f i CSoundManager.obj
 0001:00011d40       ?_M_rightmost@?$_Rb_tree@IU?$pair@$$CBIPAU_Mix_Music@@@_STL@@U?$_Select1st@U?$pair@$$CBIPAU_Mix_Music@@@_STL@@@2@U?$less@I@2@V?$allocator@U?$pair@$$CBIPAU_Mix_Music@@@_STL@@@2@@_STL@@IBEAAPAU?$_Rb_tree_node@U?$pair@$$CBIPAU_Mix_Music@@@_STL@@@2@XZ 00412d40 f i CSoundManager.obj
 0001:00011d70       ?deallocate@?$_STLP_alloc_proxy@PAU?$_Rb_tree_node@U?$pair@$$CBIPAU_Mix_Music@@@_STL@@@_STL@@U12@V?$allocator@U?$pair@$$CBIPAU_Mix_Music@@@_STL@@@2@@_STL@@QAEXPAU?$_Rb_tree_node@U?$pair@$$CBIPAU_Mix_Music@@@_STL@@@2@I@Z 00412d70 f i CSoundManager.obj
 0001:00011dc0       ??0?$_Rb_tree_iterator@U?$pair@$$CBIPAU_Mix_Music@@@_STL@@U?$_Nonconst_traits@U?$pair@$$CBIPAU_Mix_Music@@@_STL@@@2@@_STL@@QAE@PAU?$_Rb_tree_node@U?$pair@$$CBIPAU_Mix_Music@@@_STL@@@1@@Z 00412dc0 f i CSoundManager.obj
 0001:00011e00       ?_M_root@?$_Rb_tree@IU?$pair@$$CBIPAUMix_Chunk@@@_STL@@U?$_Select1st@U?$pair@$$CBIPAUMix_Chunk@@@_STL@@@2@U?$less@I@2@V?$allocator@U?$pair@$$CBIPAUMix_Chunk@@@_STL@@@2@@_STL@@IBEAAPAU?$_Rb_tree_node@U?$pair@$$CBIPAUMix_Chunk@@@_STL@@@2@XZ 00412e00 f i CSoundManager.obj
 0001:00011e30       ?_M_leftmost@?$_Rb_tree@IU?$pair@$$CBIPAUMix_Chunk@@@_STL@@U?$_Select1st@U?$pair@$$CBIPAUMix_Chunk@@@_STL@@@2@U?$less@I@2@V?$allocator@U?$pair@$$CBIPAUMix_Chunk@@@_STL@@@2@@_STL@@IBEAAPAU?$_Rb_tree_node@U?$pair@$$CBIPAUMix_Chunk@@@_STL@@@2@XZ 00412e30 f i CSoundManager.obj
 0001:00011e60       ?_M_rightmost@?$_Rb_tree@IU?$pair@$$CBIPAUMix_Chunk@@@_STL@@U?$_Select1st@U?$pair@$$CBIPAUMix_Chunk@@@_STL@@@2@U?$less@I@2@V?$allocator@U?$pair@$$CBIPAUMix_Chunk@@@_STL@@@2@@_STL@@IBEAAPAU?$_Rb_tree_node@U?$pair@$$CBIPAUMix_Chunk@@@_STL@@@2@XZ 00412e60 f i CSoundManager.obj
 0001:00011e90       ?deallocate@?$_STLP_alloc_proxy@PAU?$_Rb_tree_node@U?$pair@$$CBIPAUMix_Chunk@@@_STL@@@_STL@@U12@V?$allocator@U?$pair@$$CBIPAUMix_Chunk@@@_STL@@@2@@_STL@@QAEXPAU?$_Rb_tree_node@U?$pair@$$CBIPAUMix_Chunk@@@_STL@@@2@I@Z 00412e90 f i CSoundManager.obj
 0001:00011ee0       ??0?$_Rb_tree_iterator@U?$pair@$$CBIPAUMix_Chunk@@@_STL@@U?$_Nonconst_traits@U?$pair@$$CBIPAUMix_Chunk@@@_STL@@@2@@_STL@@QAE@PAU?$_Rb_tree_node@U?$pair@$$CBIPAUMix_Chunk@@@_STL@@@1@@Z 00412ee0 f i CSoundManager.obj
 0001:00011f20       ?deallocate@?$allocator@U?$_Rb_tree_node@U?$pair@$$CBIPAU_Mix_Music@@@_STL@@@_STL@@@_STL@@QBEXPAU?$_Rb_tree_node@U?$pair@$$CBIPAU_Mix_Music@@@_STL@@@2@I@Z 00412f20 f i CSoundManager.obj
 0001:00011f80       ?deallocate@?$allocator@U?$_Rb_tree_node@U?$pair@$$CBIPAUMix_Chunk@@@_STL@@@_STL@@@_STL@@QBEXPAU?$_Rb_tree_node@U?$pair@$$CBIPAUMix_Chunk@@@_STL@@@2@I@Z 00412f80 f i CSoundManager.obj
 0001:00011fe0       ?_M_erase@?$_Rb_tree@IU?$pair@$$CBIPAU_Mix_Music@@@_STL@@U?$_Select1st@U?$pair@$$CBIPAU_Mix_Music@@@_STL@@@2@U?$less@I@2@V?$allocator@U?$pair@$$CBIPAU_Mix_Music@@@_STL@@@2@@_STL@@AAEXPAU?$_Rb_tree_node@U?$pair@$$CBIPAU_Mix_Music@@@_STL@@@2@@Z 00412fe0 f i CSoundManager.obj
 0001:00012070       ?insert_unique@?$_Rb_tree@IU?$pair@$$CBIPAU_Mix_Music@@@_STL@@U?$_Select1st@U?$pair@$$CBIPAU_Mix_Music@@@_STL@@@2@U?$less@I@2@V?$allocator@U?$pair@$$CBIPAU_Mix_Music@@@_STL@@@2@@_STL@@QAE?AU?$pair@U?$_Rb_tree_iterator@U?$pair@$$CBIPAU_Mix_Music@@@_STL@@U?$_Nonconst_traits@U?$pair@$$CBIPAU_Mix_Music@@@_STL@@@2@@_STL@@_N@2@ABU?$pair@$$CBIPAU_Mix_Music@@@2@@Z 00413070 f i CSoundManager.obj
 0001:00012210       ??8_Rb_tree_base_iterator@_STL@@QBE_NABU01@@Z 00413210 f i CSoundManager.obj
 0001:00012250       ?_M_erase@?$_Rb_tree@IU?$pair@$$CBIPAUMix_Chunk@@@_STL@@U?$_Select1st@U?$pair@$$CBIPAUMix_Chunk@@@_STL@@@2@U?$less@I@2@V?$allocator@U?$pair@$$CBIPAUMix_Chunk@@@_STL@@@2@@_STL@@AAEXPAU?$_Rb_tree_node@U?$pair@$$CBIPAUMix_Chunk@@@_STL@@@2@@Z 00413250 f i CSoundManager.obj
 0001:000122e0       ?insert_unique@?$_Rb_tree@IU?$pair@$$CBIPAUMix_Chunk@@@_STL@@U?$_Select1st@U?$pair@$$CBIPAUMix_Chunk@@@_STL@@@2@U?$less@I@2@V?$allocator@U?$pair@$$CBIPAUMix_Chunk@@@_STL@@@2@@_STL@@QAE?AU?$pair@U?$_Rb_tree_iterator@U?$pair@$$CBIPAUMix_Chunk@@@_STL@@U?$_Nonconst_traits@U?$pair@$$CBIPAUMix_Chunk@@@_STL@@@2@@_STL@@_N@2@ABU?$pair@$$CBIPAUMix_Chunk@@@2@@Z 004132e0 f i CSoundManager.obj
 0001:00012480       ?find@?$_Rb_tree@IU?$pair@$$CBIPAU_Mix_Music@@@_STL@@U?$_Select1st@U?$pair@$$CBIPAU_Mix_Music@@@_STL@@@2@U?$less@I@2@V?$allocator@U?$pair@$$CBIPAU_Mix_Music@@@_STL@@@2@@_STL@@QAE?AU?$_Rb_tree_iterator@U?$pair@$$CBIPAU_Mix_Music@@@_STL@@U?$_Nonconst_traits@U?$pair@$$CBIPAU_Mix_Music@@@_STL@@@2@@2@ABI@Z 00413480 f i CSoundManager.obj
 0001:000124d0       ?find@?$_Rb_tree@IU?$pair@$$CBIPAUMix_Chunk@@@_STL@@U?$_Select1st@U?$pair@$$CBIPAUMix_Chunk@@@_STL@@@2@U?$less@I@2@V?$allocator@U?$pair@$$CBIPAUMix_Chunk@@@_STL@@@2@@_STL@@QAE?AU?$_Rb_tree_iterator@U?$pair@$$CBIPAUMix_Chunk@@@_STL@@U?$_Nonconst_traits@U?$pair@$$CBIPAUMix_Chunk@@@_STL@@@2@@2@ABI@Z 004134d0 f i CSoundManager.obj
 0001:00012520       ?__stl_alloc_rebind@_STL@@YAAAV?$allocator@U?$_Rb_tree_node@U?$pair@$$CBIPAU_Mix_Music@@@_STL@@@_STL@@@1@AAV?$allocator@U?$pair@$$CBIPAU_Mix_Music@@@_STL@@@1@PBU?$_Rb_tree_node@U?$pair@$$CBIPAU_Mix_Music@@@_STL@@@1@@Z 00413520 f i CSoundManager.obj
 0001:00012550       ?__stl_alloc_rebind@_STL@@YAAAV?$allocator@U?$_Rb_tree_node@U?$pair@$$CBIPAUMix_Chunk@@@_STL@@@_STL@@@1@AAV?$allocator@U?$pair@$$CBIPAUMix_Chunk@@@_STL@@@1@PBU?$_Rb_tree_node@U?$pair@$$CBIPAUMix_Chunk@@@_STL@@@1@@Z 00413550 f i CSoundManager.obj
 0001:00012580       ??R?$less@I@_STL@@QBE_NABI0@Z 00413580 f i CSoundManager.obj
 0001:000125c0       ?_S_left@?$_Rb_tree@IU?$pair@$$CBIPAU_Mix_Music@@@_STL@@U?$_Select1st@U?$pair@$$CBIPAU_Mix_Music@@@_STL@@@2@U?$less@I@2@V?$allocator@U?$pair@$$CBIPAU_Mix_Music@@@_STL@@@2@@_STL@@KAAAPAU?$_Rb_tree_node@U?$pair@$$CBIPAU_Mix_Music@@@_STL@@@2@PAU32@@Z 004135c0 f i CSoundManager.obj
 0001:000125f0       ?_S_right@?$_Rb_tree@IU?$pair@$$CBIPAU_Mix_Music@@@_STL@@U?$_Select1st@U?$pair@$$CBIPAU_Mix_Music@@@_STL@@@2@U?$less@I@2@V?$allocator@U?$pair@$$CBIPAU_Mix_Music@@@_STL@@@2@@_STL@@KAAAPAU?$_Rb_tree_node@U?$pair@$$CBIPAU_Mix_Music@@@_STL@@@2@PAU32@@Z 004135f0 f i CSoundManager.obj
 0001:00012620       ?_S_key@?$_Rb_tree@IU?$pair@$$CBIPAU_Mix_Music@@@_STL@@U?$_Select1st@U?$pair@$$CBIPAU_Mix_Music@@@_STL@@@2@U?$less@I@2@V?$allocator@U?$pair@$$CBIPAU_Mix_Music@@@_STL@@@2@@_STL@@KAABIPAU?$_Rb_tree_node@U?$pair@$$CBIPAU_Mix_Music@@@_STL@@@2@@Z 00413620 f i CSoundManager.obj
 0001:00012660       ?_S_key@?$_Rb_tree@IU?$pair@$$CBIPAU_Mix_Music@@@_STL@@U?$_Select1st@U?$pair@$$CBIPAU_Mix_Music@@@_STL@@@2@U?$less@I@2@V?$allocator@U?$pair@$$CBIPAU_Mix_Music@@@_STL@@@2@@_STL@@KAABIPAU_Rb_tree_node_base@2@@Z 00413660 f i CSoundManager.obj
 0001:000126a0       ??F?$_Rb_tree_iterator@U?$pair@$$CBIPAU_Mix_Music@@@_STL@@U?$_Nonconst_traits@U?$pair@$$CBIPAU_Mix_Music@@@_STL@@@2@@_STL@@QAEAAU01@XZ 004136a0 f i CSoundManager.obj
 0001:000126f0       ?_S_left@?$_Rb_tree@IU?$pair@$$CBIPAUMix_Chunk@@@_STL@@U?$_Select1st@U?$pair@$$CBIPAUMix_Chunk@@@_STL@@@2@U?$less@I@2@V?$allocator@U?$pair@$$CBIPAUMix_Chunk@@@_STL@@@2@@_STL@@KAAAPAU?$_Rb_tree_node@U?$pair@$$CBIPAUMix_Chunk@@@_STL@@@2@PAU32@@Z 004136f0 f i CSoundManager.obj
 0001:00012720       ?_S_right@?$_Rb_tree@IU?$pair@$$CBIPAUMix_Chunk@@@_STL@@U?$_Select1st@U?$pair@$$CBIPAUMix_Chunk@@@_STL@@@2@U?$less@I@2@V?$allocator@U?$pair@$$CBIPAUMix_Chunk@@@_STL@@@2@@_STL@@KAAAPAU?$_Rb_tree_node@U?$pair@$$CBIPAUMix_Chunk@@@_STL@@@2@PAU32@@Z 00413720 f i CSoundManager.obj
 0001:00012750       ?_S_key@?$_Rb_tree@IU?$pair@$$CBIPAUMix_Chunk@@@_STL@@U?$_Select1st@U?$pair@$$CBIPAUMix_Chunk@@@_STL@@@2@U?$less@I@2@V?$allocator@U?$pair@$$CBIPAUMix_Chunk@@@_STL@@@2@@_STL@@KAABIPAU?$_Rb_tree_node@U?$pair@$$CBIPAUMix_Chunk@@@_STL@@@2@@Z 00413750 f i CSoundManager.obj
 0001:00012790       ?_S_key@?$_Rb_tree@IU?$pair@$$CBIPAUMix_Chunk@@@_STL@@U?$_Select1st@U?$pair@$$CBIPAUMix_Chunk@@@_STL@@@2@U?$less@I@2@V?$allocator@U?$pair@$$CBIPAUMix_Chunk@@@_STL@@@2@@_STL@@KAABIPAU_Rb_tree_node_base@2@@Z 00413790 f i CSoundManager.obj
 0001:000127d0       ??F?$_Rb_tree_iterator@U?$pair@$$CBIPAUMix_Chunk@@@_STL@@U?$_Nonconst_traits@U?$pair@$$CBIPAUMix_Chunk@@@_STL@@@2@@_STL@@QAEAAU01@XZ 004137d0 f i CSoundManager.obj
 0001:00012820       ??0?$pair@U?$_Rb_tree_iterator@U?$pair@$$CBIPAU_Mix_Music@@@_STL@@U?$_Nonconst_traits@U?$pair@$$CBIPAU_Mix_Music@@@_STL@@@2@@_STL@@_N@_STL@@QAE@ABU?$_Rb_tree_iterator@U?$pair@$$CBIPAU_Mix_Music@@@_STL@@U?$_Nonconst_traits@U?$pair@$$CBIPAU_Mix_Music@@@_STL@@@2@@1@AB_N@Z 00413820 f i CSoundManager.obj
 0001:00012870       ??0?$pair@U?$_Rb_tree_iterator@U?$pair@$$CBIPAUMix_Chunk@@@_STL@@U?$_Nonconst_traits@U?$pair@$$CBIPAUMix_Chunk@@@_STL@@@2@@_STL@@_N@_STL@@QAE@ABU?$_Rb_tree_iterator@U?$pair@$$CBIPAUMix_Chunk@@@_STL@@U?$_Nonconst_traits@U?$pair@$$CBIPAUMix_Chunk@@@_STL@@@2@@1@AB_N@Z 00413870 f i CSoundManager.obj
 0001:000128c0       ??R?$_Select1st@U?$pair@$$CBIPAU_Mix_Music@@@_STL@@@_STL@@QBEABIABU?$pair@$$CBIPAU_Mix_Music@@@1@@Z 004138c0 f i CSoundManager.obj
 0001:000128f0       ??R?$_Select1st@U?$pair@$$CBIPAUMix_Chunk@@@_STL@@@_STL@@QBEABIABU?$pair@$$CBIPAUMix_Chunk@@@1@@Z 004138f0 f i CSoundManager.obj
 0001:00012920       ?_S_value@?$_Rb_tree@IU?$pair@$$CBIPAU_Mix_Music@@@_STL@@U?$_Select1st@U?$pair@$$CBIPAU_Mix_Music@@@_STL@@@2@U?$less@I@2@V?$allocator@U?$pair@$$CBIPAU_Mix_Music@@@_STL@@@2@@_STL@@KAAAU?$pair@$$CBIPAU_Mix_Music@@@2@PAU?$_Rb_tree_node@U?$pair@$$CBIPAU_Mix_Music@@@_STL@@@2@@Z 00413920 f i CSoundManager.obj
 0001:00012950       ??0?$_Rb_tree_iterator@U?$pair@$$CBIPAU_Mix_Music@@@_STL@@U?$_Nonconst_traits@U?$pair@$$CBIPAU_Mix_Music@@@_STL@@@2@@_STL@@QAE@ABU01@@Z 00413950 f i CSoundManager.obj
 0001:00012990       ?_S_value@?$_Rb_tree@IU?$pair@$$CBIPAUMix_Chunk@@@_STL@@U?$_Select1st@U?$pair@$$CBIPAUMix_Chunk@@@_STL@@@2@U?$less@I@2@V?$allocator@U?$pair@$$CBIPAUMix_Chunk@@@_STL@@@2@@_STL@@KAAAU?$pair@$$CBIPAUMix_Chunk@@@2@PAU?$_Rb_tree_node@U?$pair@$$CBIPAUMix_Chunk@@@_STL@@@2@@Z 00413990 f i CSoundManager.obj
 0001:000129c0       ??0?$_Rb_tree_iterator@U?$pair@$$CBIPAUMix_Chunk@@@_STL@@U?$_Nonconst_traits@U?$pair@$$CBIPAUMix_Chunk@@@_STL@@@2@@_STL@@QAE@ABU01@@Z 004139c0 f i CSoundManager.obj
 0001:00012a00       ?_M_insert@?$_Rb_tree@IU?$pair@$$CBIPAU_Mix_Music@@@_STL@@U?$_Select1st@U?$pair@$$CBIPAU_Mix_Music@@@_STL@@@2@U?$less@I@2@V?$allocator@U?$pair@$$CBIPAU_Mix_Music@@@_STL@@@2@@_STL@@AAE?AU?$_Rb_tree_iterator@U?$pair@$$CBIPAU_Mix_Music@@@_STL@@U?$_Nonconst_traits@U?$pair@$$CBIPAU_Mix_Music@@@_STL@@@2@@2@PAU_Rb_tree_node_base@2@0ABU?$pair@$$CBIPAU_Mix_Music@@@2@0@Z 00413a00 f i CSoundManager.obj
 0001:00012ba0       ?_Destroy@_STL@@YAXPAU?$pair@$$CBIPAU_Mix_Music@@@1@@Z 00413ba0 f i CSoundManager.obj
 0001:00012bc0       ?_M_insert@?$_Rb_tree@IU?$pair@$$CBIPAUMix_Chunk@@@_STL@@U?$_Select1st@U?$pair@$$CBIPAUMix_Chunk@@@_STL@@@2@U?$less@I@2@V?$allocator@U?$pair@$$CBIPAUMix_Chunk@@@_STL@@@2@@_STL@@AAE?AU?$_Rb_tree_iterator@U?$pair@$$CBIPAUMix_Chunk@@@_STL@@U?$_Nonconst_traits@U?$pair@$$CBIPAUMix_Chunk@@@_STL@@@2@@2@PAU_Rb_tree_node_base@2@0ABU?$pair@$$CBIPAUMix_Chunk@@@2@0@Z 00413bc0 f i CSoundManager.obj
 0001:00012d60       ?_Destroy@_STL@@YAXPAU?$pair@$$CBIPAUMix_Chunk@@@1@@Z 00413d60 f i CSoundManager.obj
 0001:00012d80       ?_M_find@?$_Rb_tree@IU?$pair@$$CBIPAU_Mix_Music@@@_STL@@U?$_Select1st@U?$pair@$$CBIPAU_Mix_Music@@@_STL@@@2@U?$less@I@2@V?$allocator@U?$pair@$$CBIPAU_Mix_Music@@@_STL@@@2@@_STL@@ABEPAU?$_Rb_tree_node@U?$pair@$$CBIPAU_Mix_Music@@@_STL@@@2@ABI@Z 00413d80 f i CSoundManager.obj
 0001:00012e60       ?_M_find@?$_Rb_tree@IU?$pair@$$CBIPAUMix_Chunk@@@_STL@@U?$_Select1st@U?$pair@$$CBIPAUMix_Chunk@@@_STL@@@2@U?$less@I@2@V?$allocator@U?$pair@$$CBIPAUMix_Chunk@@@_STL@@@2@@_STL@@ABEPAU?$_Rb_tree_node@U?$pair@$$CBIPAUMix_Chunk@@@_STL@@@2@ABI@Z 00413e60 f i CSoundManager.obj
 0001:00012f40       ?_M_create_node@?$_Rb_tree@IU?$pair@$$CBIPAU_Mix_Music@@@_STL@@U?$_Select1st@U?$pair@$$CBIPAU_Mix_Music@@@_STL@@@2@U?$less@I@2@V?$allocator@U?$pair@$$CBIPAU_Mix_Music@@@_STL@@@2@@_STL@@IAEPAU?$_Rb_tree_node@U?$pair@$$CBIPAU_Mix_Music@@@_STL@@@2@ABU?$pair@$$CBIPAU_Mix_Music@@@2@@Z 00413f40 f i CSoundManager.obj
 0001:00012fe0       ?allocate@?$_STLP_alloc_proxy@PAU?$_Rb_tree_node@U?$pair@$$CBIPAU_Mix_Music@@@_STL@@@_STL@@U12@V?$allocator@U?$pair@$$CBIPAU_Mix_Music@@@_STL@@@2@@_STL@@QAEPAU?$_Rb_tree_node@U?$pair@$$CBIPAU_Mix_Music@@@_STL@@@2@I@Z 00413fe0 f i CSoundManager.obj
 0001:00013030       ?allocate@?$allocator@U?$_Rb_tree_node@U?$pair@$$CBIPAU_Mix_Music@@@_STL@@@_STL@@@_STL@@QBEPAU?$_Rb_tree_node@U?$pair@$$CBIPAU_Mix_Music@@@_STL@@@2@IPBX@Z 00414030 f i CSoundManager.obj
 0001:00013090       ?_S_parent@?$_Rb_tree@IU?$pair@$$CBIPAU_Mix_Music@@@_STL@@U?$_Select1st@U?$pair@$$CBIPAU_Mix_Music@@@_STL@@@2@U?$less@I@2@V?$allocator@U?$pair@$$CBIPAU_Mix_Music@@@_STL@@@2@@_STL@@KAAAPAU?$_Rb_tree_node@U?$pair@$$CBIPAU_Mix_Music@@@_STL@@@2@PAU32@@Z 00414090 f i CSoundManager.obj
 0001:000130c0       ?_M_create_node@?$_Rb_tree@IU?$pair@$$CBIPAUMix_Chunk@@@_STL@@U?$_Select1st@U?$pair@$$CBIPAUMix_Chunk@@@_STL@@@2@U?$less@I@2@V?$allocator@U?$pair@$$CBIPAUMix_Chunk@@@_STL@@@2@@_STL@@IAEPAU?$_Rb_tree_node@U?$pair@$$CBIPAUMix_Chunk@@@_STL@@@2@ABU?$pair@$$CBIPAUMix_Chunk@@@2@@Z 004140c0 f i CSoundManager.obj
 0001:00013160       ?allocate@?$_STLP_alloc_proxy@PAU?$_Rb_tree_node@U?$pair@$$CBIPAUMix_Chunk@@@_STL@@@_STL@@U12@V?$allocator@U?$pair@$$CBIPAUMix_Chunk@@@_STL@@@2@@_STL@@QAEPAU?$_Rb_tree_node@U?$pair@$$CBIPAUMix_Chunk@@@_STL@@@2@I@Z 00414160 f i CSoundManager.obj
 0001:000131b0       ?allocate@?$allocator@U?$_Rb_tree_node@U?$pair@$$CBIPAUMix_Chunk@@@_STL@@@_STL@@@_STL@@QBEPAU?$_Rb_tree_node@U?$pair@$$CBIPAUMix_Chunk@@@_STL@@@2@IPBX@Z 004141b0 f i CSoundManager.obj
 0001:00013210       ?_S_parent@?$_Rb_tree@IU?$pair@$$CBIPAUMix_Chunk@@@_STL@@U?$_Select1st@U?$pair@$$CBIPAUMix_Chunk@@@_STL@@@2@U?$less@I@2@V?$allocator@U?$pair@$$CBIPAUMix_Chunk@@@_STL@@@2@@_STL@@KAAAPAU?$_Rb_tree_node@U?$pair@$$CBIPAUMix_Chunk@@@_STL@@@2@PAU32@@Z 00414210 f i CSoundManager.obj
 0001:00013240       ?_Construct@_STL@@YAXPAU?$pair@$$CBIPAU_Mix_Music@@@1@ABU21@@Z 00414240 f i CSoundManager.obj
 0001:000132d0       ?_Construct@_STL@@YAXPAU?$pair@$$CBIPAUMix_Chunk@@@1@ABU21@@Z 004142d0 f i CSoundManager.obj
 0001:00013360       ??0?$pair@$$CBIPAU_Mix_Music@@@_STL@@QAE@ABU01@@Z 00414360 f i CSoundManager.obj
 0001:000133a0       ??0?$pair@$$CBIPAUMix_Chunk@@@_STL@@QAE@ABU01@@Z 004143a0 f i CSoundManager.obj
 0001:000133e0       _CustomAssertFunction      004143e0 f   customassert.obj
 0001:00013500       ?fontBuild@@YAXII@Z        00414500 f   font.obj
 0001:00013910       ?fontKill@@YAXXZ           00414910 f   font.obj
 0001:00013980       ?fontResize@@YAXHH@Z       00414980 f   font.obj
 0001:000139b0       ?fontPrint@@YAXHHPADH@Z    004149b0 f   font.obj
 0001:00013cc0       ?glPrint_chsize@@YAXHHPADHHH@Z 00414cc0 f   font.obj
 0001:00013d40       ??1CParticleSystem@@QAE@XZ 00414d40 f   particles.obj
 0001:00013e40       ??1CParticle@@QAE@XZ       00414e40 f i particles.obj
 0001:00013ec0       ??_GCParticle@@QAEPAXI@Z   00414ec0 f i particles.obj
 0001:00013f20       ?RandomizeStartParticle@CParticleSystem@@QAEXAAVCParticle@@@Z 00414f20 f   particles.obj
 0001:000140e0       ?DeleteTextures@CParticleSystem@@QAEXXZ 004150e0 f   particles.obj
 0001:00014160       ?ResetTextures@CParticleSystem@@QAEXI@Z 00415160 f   particles.obj
 0001:000141d0       ?Render@CParticleSystem@@QAEXXZ 004151d0 f   particles.obj
 0001:00014730       ?IsEnabled@CParticle@@QBE?B_NXZ 00415730 f i particles.obj
 0001:00014760       ?Update@CConstantParticleSystem@@UAEXM@Z 00415760 f   particles.obj
 0001:000149a0       ?Enable@CParticle@@QAEXXZ  004159a0 f i particles.obj
 0001:000149d0       ?Update@CCastParticleSystem@@UAEXM@Z 004159d0 f   particles.obj
 0001:00014b80       ?init@CParticle@@QAEX_NMMMMMM0IMMAAU?$TVector3@M@@11P6AXPAV1@MI@ZP6AX2M@Z@Z 00415b80 f   particles.obj
 0001:00014c50       ?Update@CParticle@@QAEXM@Z 00415c50 f   particles.obj
 0001:00014d90       ?RGBAVector@?$TColor4@M@@QBEPBMXZ 00415d90 f i particles.obj
 0001:00014dc0       ?SetColor@?$TColor4@M@@QAEXMMMM@Z 00415dc0 f i particles.obj
 0001:00014e10       _tgaCheckSize              00415e10 f   tga.obj
 0001:00014e80       _tgaGetRGBA                00415e80 f   tga.obj
 0001:00014f80       _tgaGetRGB                 00415f80 f   tga.obj
 0001:00015080       _tgaGetGray                00416080 f   tga.obj
 0001:00015120       _tgaGetData                00416120 f   tga.obj
 0001:000151a0       _tgaReturnError            004161a0 f   tga.obj
 0001:000151f0       _tgaLoad                   004161f0 f   tga.obj
 0001:00015690       ?carry@aiMinor@@IAEXAAVaiObject@@@Z 00416690 f   AI_ants.obj
 0001:00015700       ?drop_carried@aiMinor@@IAEXXZ 00416700 f   AI_ants.obj
 0001:000157b0       ?sector_at@aiWorld@@QBEAAVaiSector@@ABU?$TVector2@M@@@Z 004167b0 f i AI_ants.obj
 0001:00015840       ?indexes_of_sector_at@aiWorld@@QBE?AU?$TVector2@I@@ABU?$TVector2@M@@@Z 00416840 f i AI_ants.obj
 0001:000158f0       ?sector_at@aiWorld@@QBEAAVaiSector@@ABU?$TVector2@I@@@Z 004168f0 f i AI_ants.obj
 0001:00015940       ?sector_at@aiWorld@@QBEAAVaiSector@@HH@Z 00416940 f i AI_ants.obj
 0001:00015990       ?coords2d@aiObject@@IBEAAU?$TVector2@M@@XZ 00416990 f i AI_ants.obj
 0001:000159c0       ?get_coords2d@aiObject@@QBEABU?$TVector2@M@@XZ 004169c0 f i AI_ants.obj
 0001:00015a00       ?coords2d@aiGraphicObject@@QAEAAU?$TVector2@M@@XZ 00416a00 f i AI_ants.obj
 0001:00015a30       ?there_is_food_on_sector@aiMinor@@QBE_NAAVaiSector@@@Z 00416a30 f   AI_ants.obj
 0001:00015ad0       ?current_stuff@aiSector@@QBEAAVaiObject@@XZ 00416ad0 f i AI_ants.obj
 0001:00015b10       ?get_number_of_stuff@aiSector@@QBEIXZ 00416b10 f i AI_ants.obj
 0001:00015b50       ?next_stuff@aiSector@@QAEXXZ 00416b50 f i AI_ants.obj
 0001:00015b90       ?is_active@aiObject@@QBE_NXZ 00416b90 f i AI_ants.obj
 0001:00015be0       ?is_food@aiMinor@@QBE_NABVaiObject@@@Z 00416be0 f i AI_ants.obj
 0001:00015c30       ?there_is_food_within_range@aiMinor@@QAE_NXZ 00416c30 f   AI_ants.obj
 0001:00015d30       ?token_tendency@aiMinor@@QAE?AU?$TVector2@M@@W4token_t@@@Z 00416d30 f   AI_ants.obj
 0001:00015eb0       ??0aiToken@@QAE@XZ         00416eb0 f i AI_ants.obj
 0001:00015f00       ?add@aiToken@@QAEXIABU?$TVector2@M@@@Z 00416f00 f i AI_ants.obj
 0001:00016000       ?transform_vector@aiWorld@@QBEAAU?$TVector2@M@@AAU2@@Z 00417000 f i AI_ants.obj
 0001:00016160       ??1aiToken@@QAE@XZ         00417160 f i AI_ants.obj
 0001:000161a0       ?token_tendency_in_that_way@aiMinor@@QAE?AU?$TVector2@M@@W4token_t@@ABU2@@Z 004171a0 f   AI_ants.obj
 0001:00016360       ?dot_product@@YAMABU?$TVector2@M@@0@Z 00417360 f i AI_ants.obj
 0001:000163a0       ?live@aiMinor@@MAEXXZ      004173a0 f   AI_ants.obj
 0001:00016440       ?gain_token@aiWorld@@QAEXAAVaiSector@@W4token_t@@IABU?$TVector2@M@@@Z 00417440 f i AI_ants.obj
 0001:000164c0       ?live@aiAnt@@MAEXXZ        004174c0 f i AI_ants.obj
 0001:00016500       ?live@aiLivingBeing@@UAEXXZ 00417500 f i AI_ants.obj
 0001:00016530       ?is_hungry@aiMinor@@QBE_NXZ 00417530 f i AI_ants.obj
 0001:00016570       ?most_valuable_carriable_food_on_the_sector@aiMinor@@IBEPAVaiFood@@XZ 00417570 f   AI_ants.obj
 0001:00016660       ?get_value@aiFood@@QBEIXZ  00417660 f i AI_ants.obj
 0001:00016690       ?get_weight@aiFood@@QBEIXZ 00417690 f i AI_ants.obj
 0001:000166c0       ?get_carriable_weight@aiMinor@@QBEIXZ 004176c0 f i AI_ants.obj
 0001:000166f0       ?food_tendency_within_range_in_the_way@aiMinor@@QBE?AU?$TVector2@M@@XZ 004176f0 f   AI_ants.obj
 0001:00016910       ?nearest_nest_entrance_direction@aiMinor@@QBE?AU?$TVector2@M@@XZ 00417910 f   AI_ants.obj
 0001:00016ad0       ?get_coords2d@aiNestEntrance@@QBEABU?$TVector2@M@@XZ 00417ad0 f i AI_ants.obj
 0001:00016b00       ?get_number_of_entrances@aiNest@@QBEIXZ 00417b00 f i AI_ants.obj
 0001:00016b40       ?current_entrance@aiNest@@QBEAAVaiNestEntrance@@XZ 00417b40 f i AI_ants.obj
 0001:00016b80       ?next_entrance@aiNest@@QAEXXZ 00417b80 f i AI_ants.obj
 0001:00016bc0       ?nest@aiAnt@@IBEAAVaiNest@@XZ 00417bc0 f i AI_ants.obj
 0001:00016bf0       ?die@aiMinor@@MAEXXZ       00417bf0 f   AI_ants.obj
 0001:00016c50       ?die@aiLivingBeing@@UAEXXZ 00417c50 f i AI_ants.obj
 0001:00016c90       ?vanish@aiObject@@IAEXXZ   00417c90 f i AI_ants.obj
 0001:00016d00       ??1aiMinor@@UAE@XZ         00417d00 f   AI_ants.obj
 0001:00016d80       ?ai_update@aiLivingBeing@@UAEXXZ 00417d80 f i AI_ants.obj
 0001:00016df0       ??RaiCounter@@QAE_NXZ      00417df0 f i AI_ants.obj
 0001:00016e40       ?ai_update@aiObject@@UAEXXZ 00417e40 f i AI_ants.obj
 0001:00016e80       ?is_alive@aiLivingBeing@@QBE_NXZ 00417e80 f i AI_ants.obj
 0001:00016ec0       ??1aiAnt@@MAE@XZ           00417ec0 f i AI_ants.obj
 0001:00016f00       ??1aiLivingBeing@@UAE@XZ   00417f00 f i AI_ants.obj
 0001:00016f40       ??1aiObject@@UAE@XZ        00417f40 f i AI_ants.obj
 0001:00016fb0       ??_EaiObject@@UAEPAXI@Z    00417fb0 f i AI_ants.obj
 0001:00016fb0       ??_GaiObject@@UAEPAXI@Z    00417fb0 f i AI_ants.obj
 0001:00017010       ?graphic_update@aiObject@@UAEXXZ 00418010 f i AI_ants.obj
 0001:00017040       ??_GaiGraphicObject@@QAEPAXI@Z 00418040 f i AI_ants.obj
 0001:000170a0       ??1aiGraphicObject@@QAE@XZ 004180a0 f i AI_ants.obj
 0001:00017120       ??1C3DObjElements@@QAE@XZ  00418120 f i AI_ants.obj
 0001:000171c0       ??_EaiAnt@@MAEPAXI@Z       004181c0 f i AI_ants.obj
 0001:000171c0       ??_GaiAnt@@MAEPAXI@Z       004181c0 f i AI_ants.obj
 0001:00017220       ??_GaiMinor@@UAEPAXI@Z     00418220 f i AI_ants.obj
 0001:00017220       ??_EaiMinor@@UAEPAXI@Z     00418220 f i AI_ants.obj
 0001:00017280       ??0aiHarvester@@QAE@AAVaiWorld@@ABU?$TVector2@M@@I@Z 00418280 f   AI_ants.obj
 0001:000173f0       ?get_id@aiHarvester@@EBE?AW4aiID_t@@XZ 004183f0 f i AI_ants.obj
 0001:00017420       ?color_on_minimap@aiHarvester@@UBE?AUcolorRGBA@@XZ 00418420 f i AI_ants.obj
 0001:00017470       ??0colorRGBA@@QAE@MMMM@Z   00418470 f i AI_ants.obj
 0001:000174c0       ??_GaiHarvester@@UAEPAXI@Z 004184c0 f i AI_ants.obj
 0001:000174c0       ??_EaiHarvester@@UAEPAXI@Z 004184c0 f i AI_ants.obj
 0001:00017520       ??1aiHarvester@@UAE@XZ     00418520 f i AI_ants.obj
 0001:00017560       ??0aiMinor@@QAE@AAVaiWorld@@ABU?$TVector2@M@@I@Z 00418560 f i AI_ants.obj
 0001:00017600       ??0aiAnt@@IAE@AAVaiWorld@@ABU?$TVector2@M@@I@Z 00418600 f i AI_ants.obj
 0001:00017660       ??0aiLivingBeing@@QAE@AAVaiWorld@@ABU?$TVector2@M@@I@Z 00418660 f i AI_ants.obj
 0001:00017700       ??0aiCounter@@QAE@I_N@Z    00418700 f i AI_ants.obj
 0001:000177a0       ??0aiObject@@IAE@AAVaiWorld@@ABU?$TVector2@M@@@Z 004187a0 f i AI_ants.obj
 0001:00017840       ??_GaiLivingBeing@@UAEPAXI@Z 00418840 f i AI_ants.obj
 0001:00017840       ??_EaiLivingBeing@@UAEPAXI@Z 00418840 f i AI_ants.obj
 0001:000178a0       ?live@aiHarvester@@MAEXXZ  004188a0 f   AI_ants.obj
 0001:00017970       ?do_idle@aiHarvester@@IAEXXZ 00418970 f   AI_ants.obj
 0001:000179b0       ?now_do@aiObject@@IAEXW4action_type@@I@Z 004189b0 f i AI_ants.obj
 0001:00017a10       ?do_put_food_in_the_granary@aiHarvester@@IAEXXZ 00418a10 f   AI_ants.obj
 0001:00017ab0       ?add_to_food_stock@aiNest@@QAEXPAVaiFood@@@Z 00418ab0 f i AI_ants.obj
 0001:00017b00       ?do_get_out_of_the_nest@aiHarvester@@IAEXXZ 00418b00 f   AI_ants.obj
 0001:00017b70       ?random_entrance@aiNest@@QAEAAVaiNestEntrance@@XZ 00418b70 f i AI_ants.obj
 0001:00017c10       ?do_wander_around_nest_waiting_for_found_food_pheromone@aiHarvester@@IAEXXZ 00418c10 f   AI_ants.obj
 0001:00018090       ?get_coords2d@aiNest@@QBEABU?$TVector2@M@@XZ 00419090 f i AI_ants.obj
 0001:000180c0       ?hypothethic_nest_direction@aiMinor@@QBE?AU?$TVector2@M@@XZ 004190c0 f i AI_ants.obj
 0001:00018240       ?get_size@aiWorld@@QBEIXZ  00419240 f i AI_ants.obj
 0001:00018270       ?secret_token@aiMinor@@IBEXW4token_t@@I@Z 00419270 f i AI_ants.obj
 0001:000182d0       ?do_follow_found_food_pheromone_to_find_food@aiHarvester@@IAEXXZ 004192d0 f   AI_ants.obj
 0001:00018530       ?do_go_back_to_the_nest_looking_for_food@aiHarvester@@IAEXXZ 00419530 f   AI_ants.obj
 0001:00018890       ?get_width@aiNest@@QBEMXZ  00419890 f i AI_ants.obj
 0001:000188c0       ?do_bring_found_food_to_the_nest@aiHarvester@@IAEXXZ 004198c0 f   AI_ants.obj
 0001:00018a10       ?distance@aiWorld@@QBEMABU?$TVector2@M@@0@Z 00419a10 f i AI_ants.obj
 0001:00018aa0       ?do_enter_the_nest_to_store_food@aiHarvester@@IAEXXZ 00419aa0 f   AI_ants.obj
 0001:00018b60       ??0aiScout@@QAE@AAVaiWorld@@ABU?$TVector2@M@@I@Z 00419b60 f   AI_ants.obj
 0001:00018cd0       ?get_id@aiScout@@EBE?AW4aiID_t@@XZ 00419cd0 f i AI_ants.obj
 0001:00018d00       ?color_on_minimap@aiScout@@UBE?AUcolorRGBA@@XZ 00419d00 f i AI_ants.obj
 0001:00018d50       ??_GaiScout@@UAEPAXI@Z     00419d50 f i AI_ants.obj
 0001:00018d50       ??_EaiScout@@UAEPAXI@Z     00419d50 f i AI_ants.obj
 0001:00018db0       ??1aiScout@@UAE@XZ         00419db0 f i AI_ants.obj
 0001:00018df0       ?live@aiScout@@MAEXXZ      00419df0 f   AI_ants.obj
 0001:00018e60       ?do_idle@aiScout@@IAEXXZ   00419e60 f   AI_ants.obj
 0001:00018ea0       ?do_look_for_a_new_source_of_food@aiScout@@IAEXXZ 00419ea0 f   AI_ants.obj
 0001:000190e0       ?do_return_to_nest_with_info_about_food@aiScout@@IAEXXZ 0041a0e0 f   AI_ants.obj
 0001:00019280       ??4?$TVector2@M@@QAEAAU0@ABM@Z 0041a280 f i AI_ants.obj
 0001:000192c0       ??R?$TVector2@M@@QBEIXZ    0041a2c0 f i AI_ants.obj
 0001:00019320       ??G?$TVector2@M@@QBE?AU0@ABU0@@Z 0041a320 f i AI_ants.obj
 0001:00019390       ??G?$TVector2@M@@QBE?AU0@XZ 0041a390 f i AI_ants.obj
 0001:00019400       ??D?$TVector2@M@@QBE?AU0@M@Z 0041a400 f i AI_ants.obj
 0001:00019470       ??Y?$TVector2@M@@QAEAAU0@ABU0@@Z 0041a470 f i AI_ants.obj
 0001:000194c0       ??X?$TVector2@M@@QAEAAU0@M@Z 0041a4c0 f i AI_ants.obj
 0001:00019510       ??4?$TVector2@M@@QAEAAU0@ABU0@@Z 0041a510 f i AI_ants.obj
 0001:00019550       ?Sqr@?$TVector2@M@@QBEMXZ  0041a550 f i AI_ants.obj
 0001:00019590       ?Norm@?$TVector2@M@@QBEMXZ 0041a590 f i AI_ants.obj
 0001:000195f0       ?DotProd@?$TVector2@M@@QBEMABU1@@Z 0041a5f0 f i AI_ants.obj
 0001:00019630       ?Normalize@?$TVector2@M@@QAEAAU1@XZ 0041a630 f i AI_ants.obj
 0001:000196a0       ??0?$TVector2@I@@QAE@II@Z  0041a6a0 f i AI_ants.obj
 0001:000196e0       ??1?$TVector2@I@@QAE@XZ    0041a6e0 f i AI_ants.obj
 0001:00019710       ?current@?$aiRing@VaiObject@@@@QBEPAVaiObject@@XZ 0041a710 f i AI_ants.obj
 0001:00019740       ?get_size@?$aiRing@VaiObject@@@@QBEIXZ 0041a740 f i AI_ants.obj
 0001:00019770       ?next@?$aiRing@VaiObject@@@@QAEXXZ 0041a770 f i AI_ants.obj
 0001:000197b0       ?add@?$aiRing@UaiToken@@@@QAEXAAUaiToken@@@Z 0041a7b0 f i AI_ants.obj
 0001:00019890       ?current@?$aiRing@VaiNestEntrance@@@@QBEPAVaiNestEntrance@@XZ 0041a890 f i AI_ants.obj
 0001:000198c0       ?get_size@?$aiRing@VaiNestEntrance@@@@QBEIXZ 0041a8c0 f i AI_ants.obj
 0001:000198f0       ?next@?$aiRing@VaiNestEntrance@@@@QAEXXZ 0041a8f0 f i AI_ants.obj
 0001:00019930       ??0Link@?$aiRing@UaiToken@@@@QAE@PAU01@AAUaiToken@@@Z 0041a930 f i AI_ants.obj
 0001:00019b70       ??0aiSpider@@QAE@AAVaiWorld@@ABU?$TVector2@M@@I@Z 0041ab70 f   AI_enemies.obj
 0001:00019d00       ?color_on_minimap@aiSpider@@MBE?AUcolorRGBA@@XZ 0041ad00 f i AI_enemies.obj
 0001:00019d50       ?get_id@aiSpider@@EBE?AW4aiID_t@@XZ 0041ad50 f i AI_enemies.obj
 0001:00019d80       ??_GaiSpider@@MAEPAXI@Z    0041ad80 f i AI_enemies.obj
 0001:00019d80       ??_EaiSpider@@MAEPAXI@Z    0041ad80 f i AI_enemies.obj
 0001:00019de0       ?live@aiSpider@@MAEXXZ     0041ade0 f   AI_enemies.obj
 0001:00019e40       ?do_idle@aiSpider@@AAEXXZ  0041ae40 f   AI_enemies.obj
 0001:00019e80       ?do_hunt_ants@aiSpider@@AAEXXZ 0041ae80 f   AI_enemies.obj
 0001:00019fa0       ??1aiSpider@@MAE@XZ        0041afa0 f   AI_enemies.obj
 0001:0001a420       ??0aiGraphicObject@@QAE@ABVC3DObjElements@@PAVCMap@@ABU?$TVector2@M@@M@Z 0041b420 f   AI_graphic_objects.obj
 0001:0001a4f0       ??0C3DObjElements@@QAE@XZ  0041b4f0 f i AI_graphic_objects.obj
 0001:0001a530       ??4C3DObjElements@@QAEAAV0@ABV0@@Z 0041b530 f i AI_graphic_objects.obj
 0001:0001a650       ?take_object@aiGraphicObject@@QAEXAAU1@@Z 0041b650 f   AI_graphic_objects.obj
 0001:0001a6c0       ?drop_object@aiGraphicObject@@QAEXAAU1@@Z 0041b6c0 f   AI_graphic_objects.obj
 0001:0001a730       ?select_from_camera@aiGraphicObject@@QAE_NABU?$TVector3@M@@0@Z 0041b730 f   AI_graphic_objects.obj
 0001:0001a880       ?GetBoundingSphere@C3DObjElement@@QAEAAMXZ 0041b880 f i AI_graphic_objects.obj
 0001:0001a8b0       ??0?$TVector3@M@@QAE@ABU?$TVector2@M@@M@Z 0041b8b0 f i AI_graphic_objects.obj
 0001:0001ab00       ??0aiNest@@QAE@AAVaiWorld@@ABU?$TVector2@M@@M@Z 0041bb00 f   AI_nest.obj
 0001:0001abb0       ??0aiNestEntrance@@QAE@ABU?$TVector2@M@@@Z 0041bbb0 f   AI_nest.obj
 0001:0001abf0       ?ai_update@aiNest@@QAEXXZ  0041bbf0 f   AI_nest.obj
 0001:0001af00       ?add_object@aiWorld@@QAEXAAVaiObject@@@Z 0041bf00 f i AI_nest.obj
 0001:0001af40       ??0aiNestBaby@@QAE@W4aiID_t@@@Z 0041bf40 f i AI_nest.obj
 0001:0001af80       ?next_baby@aiNest@@QAEXXZ  0041bf80 f i AI_nest.obj
 0001:0001afc0       ?delete_current_baby@aiNest@@QAEXXZ 0041bfc0 f i AI_nest.obj
 0001:0001b000       ?needs_a_harvester@aiNest@@QBE_NXZ 0041c000 f   AI_nest.obj
 0001:0001b070       ?needs_a_scout@aiNest@@QBE_NXZ 0041c070 f   AI_nest.obj
 0001:0001b0e0       ??1aiNestEntrance@@QAE@XZ  0041c0e0 f   AI_nest.obj
 0001:0001b120       ?GetSingleton@?$TSingleton@VCSoundManager@@@@SAAAVCSoundManager@@XZ 0041c120 f i AI_nest.obj
 0001:0001b190       ??0?$aiRing@VaiNestEntrance@@@@QAE@XZ 0041c190 f i AI_nest.obj
 0001:0001b1e0       ??1?$aiRing@VaiNestEntrance@@@@QAE@XZ 0041c1e0 f i AI_nest.obj
 0001:0001b220       ??0?$aiRing@UaiNestBaby@@@@QAE@XZ 0041c220 f i AI_nest.obj
 0001:0001b270       ?add@?$aiRing@UaiNestBaby@@@@QAEXAAUaiNestBaby@@@Z 0041c270 f i AI_nest.obj
 0001:0001b350       ?delete_current@?$aiRing@UaiNestBaby@@@@QAEXXZ 0041c350 f i AI_nest.obj
 0001:0001b3a0       ?current@?$aiRing@UaiNestBaby@@@@QBEPAUaiNestBaby@@XZ 0041c3a0 f i AI_nest.obj
 0001:0001b3d0       ?get_size@?$aiRing@UaiNestBaby@@@@QBEIXZ 0041c3d0 f i AI_nest.obj
 0001:0001b400       ?next@?$aiRing@UaiNestBaby@@@@QAEXXZ 0041c400 f i AI_nest.obj
 0001:0001b440       ?add@?$aiRing@VaiObject@@@@QAEXAAVaiObject@@@Z 0041c440 f i AI_nest.obj
 0001:0001b520       ??0Link@?$aiRing@UaiNestBaby@@@@QAE@PAU01@AAUaiNestBaby@@@Z 0041c520 f i AI_nest.obj
 0001:0001b560       ??0Link@?$aiRing@VaiObject@@@@QAE@PAU01@AAVaiObject@@@Z 0041c560 f i AI_nest.obj
 0001:0001b5a0       ?remove_current@?$aiRing@VaiNestEntrance@@@@QAEXXZ 0041c5a0 f i AI_nest.obj
 0001:0001b650       ?remove_current@?$aiRing@UaiNestBaby@@@@QAEXXZ 0041c650 f i AI_nest.obj
 0001:0001b900       ?teleport_to@aiObject@@IAEXABU?$TVector2@M@@@Z 0041c900 f   AI_objects.obj
 0001:0001b9e0       ?fix_coords@aiWorld@@QBEXAAU?$TVector2@M@@@Z 0041c9e0 f i AI_objects.obj
 0001:0001baf0       ?lose_hp@aiLivingBeing@@IAEXI@Z 0041caf0 f   AI_objects.obj
 0001:0001bd50       ??0aiGraphicWorld@@QAE@AAVaiWorld@@@Z 0041cd50 f   AI_renders.obj
 0001:0001be30       ??0colorRGBA@@QAE@XZ       0041ce30 f i AI_renders.obj
 0001:0001be80       ?set_token_RGBA_color@aiGraphicWorld@@QAEXW4token_t@@ABUcolorRGBA@@@Z 0041ce80 f i AI_renders.obj
 0001:0001bed0       ??_H@YGXPAXIHP6EX0@Z@Z     0041ced0 f i AI_renders.obj
 0001:0001bf30       ?render@aiGraphicWorld@@QAEXXZ 0041cf30 f   AI_renders.obj
 0001:0001c020       ?ViewMode@CCamera@@QAE?AW4CModeCamera@@XZ 0041d020 f i AI_renders.obj
 0001:0001c050       ?render_highlighted_object@aiGraphicWorld@@QAEXXZ 0041d050 f   AI_renders.obj
 0001:0001c270       ?ScrollingOffset@CMap@@QAE?AU?$TVector2@M@@ABU2@@Z 0041d270 f i AI_renders.obj
 0001:0001c440       ?ScrollLimitf@CMap@@QBE?AU?$TVector2@M@@XZ 0041d440 f i AI_renders.obj
 0001:0001c4a0       ?FrameSize@CMap@@QBE?BU?$TVector2@M@@XZ 0041d4a0 f i AI_renders.obj
 0001:0001c500       ?Get_Map_Size@CMap@@QAEIXZ 0041d500 f i AI_renders.obj
 0001:0001c530       ?render_tokens_in_scroll_view@aiGraphicWorld@@QAEXXZ 0041d530 f   AI_renders.obj
[...]
 0003:000002ac       ??_C@_0L@BIBO@stderr?4txt?$AA@ 004402ac     sdlmain:SDL_main.obj
 0003:000002b8       ??_C@_0L@BJCH@stdout?4txt?$AA@ 004402b8     sdlmain:SDL_main.obj
 0003:000002c4       ??_C@_01LLF@w?$AA@         004402c4     sdlmain:SDL_main.obj
 0003:000002c8       ??_C@_09LLMO@DDRAW?4DLL?$AA@ 004402c8     sdlmain:SDL_main.obj
 0003:000002f8       ?g_bubbletext_texid@@3IA   004402f8     CBubbleText.obj
 0003:000002fc       ?g_bubbletext_dlist@@3IA   004402fc     CBubbleText.obj
 0003:00000314       ?ms_Singleton@?$TSingleton@VCSoundManager@@@@0PAVCSoundManager@@A 00440314     CSoundManager.obj
 0003:00000318       ?ignoreAlways@?2???1?$TSingleton@VCSoundManager@@@@QAE@XZ@4HA 00440318     CSoundManager.obj
 0003:0000031c       ?g_glfont_texturesid@@3IA  0044031c     font.obj
 0003:00000320       ?g_glfont_texturesmaskid@@3IA 00440320     font.obj
 0003:00000324       ?g_glfont_texturelist@@3IA 00440324     font.obj
 0003:00000328       ?g_glfont_texturelistmask@@3IA 00440328     font.obj
 0003:00000340       ?ignoreAlways@?2??GetSingleton@?$TSingleton@VCSoundManager@@@@SAAAVCSoundManager@@XZ@4HA 00440340     AI_nest.obj
 0003:00000358       ?anims_links_@@3PAPAUAnimsCell@@A 00440358     AI_renders.obj
 0003:000003a0       ?g_exepath@@3PADA          004403a0     main.obj
 0003:000004a4       ?g_drtm@@3MA               004404a4     main.obj
 0003:000004b0       ?ignoreAlways@?2???0?$TSingleton@VCSoundManager@@@@QAE@XZ@4HA 004404b0     main.obj
 0003:000004c0       ?TempSettings@@3UMap_Settings@@A 004404c0     objects.obj
 0003:00000514       ?cCam@@3VCCamera@@A        00440514     objects.obj
 0003:00000550       ?g_sztextureparticule@@3PADA 00440550     objects.obj
 0003:00000650       ?g_matSeed@@3UtLightMaterial@@A 00440650     objects.obj
 0003:00000680       ?g_objects_list@@3Ut3DObjects@@A 00440680     objects.obj
 0003:0000069c       ?g_matDefault@@3UtLightMaterial@@A 0044069c     objects.obj
 0003:000006d0       ?g_ParticleSystem@@3VCConstantParticleSystem@@A 004406d0     objects.obj
 0003:00000758       ?g_textures_list@@3Ut3DTextures@@A 00440758     objects.obj
 0003:00000778       ?g_ObjsSeed@@3PAVC3DObjElements@@A 00440778     objects.obj
 0003:0000077c       ?g_ObjsHarvester@@3PAVC3DObjElements@@A 0044077c     objects.obj
 0003:00000780       ?g_ObjsWeed1@@3PAVC3DObjElements@@A 00440780     objects.obj
 0003:00000784       ?g_ObjsWeed2@@3PAVC3DObjElements@@A 00440784     objects.obj
 0003:00000788       ?g_ObjsMushroom@@3PAVC3DObjElements@@A 00440788     objects.obj
 0003:0000078c       ?g_ObjsRedFlower@@3PAVC3DObjElements@@A 0044078c     objects.obj
 0003:00000790       ?g_ObjsFleurRouge@@3PAVC3DObjElements@@A 00440790     objects.obj
 0003:00000794       ?g_ObjsSpider@@3PAVC3DObjElements@@A 00440794     objects.obj
 0003:00000798       ?g_ObjsMajor@@3PAVC3DObjElements@@A 00440798     objects.obj
 0003:0000079c       ?world@@3PAVaiWorld@@A     0044079c     objects.obj
 0003:000007a0       ?menu_main@@3PAVmenu@@A    004407a0     objects.obj
 0003:000007a4       ?menu_map@@3PAVmenu@@A     004407a4     objects.obj
 0003:000007a8       ?Main_Mode@@3W4Mode_GL@@A  004407a8     objects.obj
 0003:000007ac       ?Init@@3HA                 004407ac     objects.obj
 0003:000007b0       ?g_fullscreen@@3HA         004407b0     scene.obj
 0003:000007b4       ?g_ParticleChrono@@3VCSDLChrono@@A 004407b4     scene.obj
 0003:000007c4       ?g_draw_thread_active@@3HA 004407c4     scene.obj
 0003:000007c8       ?g_swapfullscreen@@3HA     004407c8     scene.obj
 0003:000007d0       ?fourmipos@@3MA            004407d0     scene.obj
 0003:000007d8       ?p@@3HA                    004407d8     sceneio.obj
 0003:000007e0       ?g_objx@@3NA               004407e0     sceneio.obj
 0003:000007e8       ?g_objy@@3NA               004407e8     sceneio.obj
 0003:000007f0       ?g_objz@@3NA               004407f0     sceneio.obj
 0003:000007f8       __dowildcard               004407f8     MSVCRT:wildcard.obj
 0003:000007fc       __newmode                  004407fc     MSVCRT:_newmode.obj
 0003:00000800       __commode                  00440800     MSVCRT:xncommod.obj
 0003:00000804       __fmode                    00440804     MSVCRT:xtxtmode.obj
 0003:00000808       _texFormat                 00440808     <common>
 0003:0000080c       __adjust_fdiv              0044080c     <common>
 0003:00000810       ___onexitend               00440810     <common>
 0003:00000814       ___onexitbegin             00440814     <common>

 entry point at        0001:00034e92

 Static symbols

 0001:00032d30       _$E42                      00433d30 f   sceneio.obj
 0001:00032d70       _$E39                      00433d70 f   sceneio.obj
 0001:00032db0       _$E41                      00433db0 f   sceneio.obj
 0001:00032df0       _$E40                      00433df0 f   sceneio.obj
 0001:00032e30       _$E47                      00433e30 f   sceneio.obj
 0001:00032e70       _$E44                      00433e70 f   sceneio.obj
 0001:00032eb0       _$E46                      00433eb0 f   sceneio.obj
 0001:00032ef0       _$E45                      00433ef0 f   sceneio.obj
 0001:00031df0       _$E42                      00432df0 f   scene.obj
 0001:00031e30       _$E39                      00432e30 f   scene.obj
 0001:00031e70       _$E41                      00432e70 f   scene.obj
 0001:00031eb0       _$E40                      00432eb0 f   scene.obj
 0001:00031ef0       _$E47                      00432ef0 f   scene.obj
 0001:00031f30       _$E44                      00432f30 f   scene.obj
 0001:00031f70       _$E46                      00432f70 f   scene.obj
 0001:00031fb0       _$E45                      00432fb0 f   scene.obj
 0001:00031ff0       _$E56                      00432ff0 f   scene.obj
 0001:00032030       _$E53                      00433030 f   scene.obj
 0001:00032070       _$E55                      00433070 f   scene.obj
 0001:000320b0       _$E54                      004330b0 f   scene.obj
 0001:0002e9a0       _$E42                      0042f9a0 f   objects.obj
 0001:0002e9e0       _$E39                      0042f9e0 f   objects.obj
 0001:0002ea20       _$E41                      0042fa20 f   objects.obj
 0001:0002ea60       _$E40                      0042fa60 f   objects.obj
 0001:0002eaa0       _$E47                      0042faa0 f   objects.obj
 0001:0002eae0       _$E44                      0042fae0 f   objects.obj
 0001:0002eb20       _$E46                      0042fb20 f   objects.obj
 0001:0002eb60       _$E45                      0042fb60 f   objects.obj
 0001:0002eba0       _$E56                      0042fba0 f   objects.obj
 0001:0002ebe0       _$E53                      0042fbe0 f   objects.obj
 0001:0002ecf0       _$E55                      0042fcf0 f   objects.obj
 0001:0002ed30       _$E54                      0042fd30 f   objects.obj
 0001:0002ee80       _$E61                      0042fe80 f   objects.obj
 0001:0002eec0       _$E58                      0042fec0 f   objects.obj
 0001:0002efd0       _$E60                      0042ffd0 f   objects.obj
 0001:0002f010       _$E59                      00430010 f   objects.obj
 0001:0002f1c0       _$E66                      004301c0 f   objects.obj
 0001:0002f200       _$E63                      00430200 f   objects.obj
 0001:0002f290       _$E65                      00430290 f   objects.obj
 0001:0002f2d0       _$E64                      004302d0 f   objects.obj
 0001:0002f350       _$E71                      00430350 f   objects.obj
 0001:0002f390       _$E68                      00430390 f   objects.obj
 0001:0002f500       _$E70                      00430500 f   objects.obj
 0001:0002f540       _$E69                      00430540 f   objects.obj
 0001:0002f610       _$E76                      00430610 f   objects.obj
 0001:0002f650       _$E73                      00430650 f   objects.obj
 0001:0002f690       _$E75                      00430690 f   objects.obj
 0001:0002f6d0       _$E74                      004306d0 f   objects.obj
 0001:0002f710       _$E79                      00430710 f   objects.obj
 0001:0002f740       _$E78                      00430740 f   objects.obj
 0001:0002f850       _$E82                      00430850 f   objects.obj
 0001:0002f880       _$E81                      00430880 f   objects.obj
 0001:0002df00       _$E42                      0042ef00 f   Minimap.obj
 0001:0002df40       _$E39                      0042ef40 f   Minimap.obj
 0001:0002df80       _$E41                      0042ef80 f   Minimap.obj
 0001:0002dfc0       _$E40                      0042efc0 f   Minimap.obj
 0001:0002e000       _$E47                      0042f000 f   Minimap.obj
 0001:0002e040       _$E44                      0042f040 f   Minimap.obj
 0001:0002e080       _$E46                      0042f080 f   Minimap.obj
 0001:0002e0c0       _$E45                      0042f0c0 f   Minimap.obj
 0001:000293d0       _$E42                      0042a3d0 f   Menu.obj
 0001:00029410       _$E39                      0042a410 f   Menu.obj
 0001:00029450       _$E41                      0042a450 f   Menu.obj
 0001:00029490       _$E40                      0042a490 f   Menu.obj
 0001:000294d0       _$E47                      0042a4d0 f   Menu.obj
 0001:00029510       _$E44                      0042a510 f   Menu.obj
 0001:00029550       _$E46                      0042a550 f   Menu.obj
 0001:00029590       _$E45                      0042a590 f   Menu.obj
 0001:00027d90       _$E42                      00428d90 f   main.obj
 0001:00027dd0       _$E39                      00428dd0 f   main.obj
 0001:00027e10       _$E41                      00428e10 f   main.obj
 0001:00027e50       _$E40                      00428e50 f   main.obj
 0001:00027e90       _$E47                      00428e90 f   main.obj
 0001:00027ed0       _$E44                      00428ed0 f   main.obj
 0001:00027f10       _$E46                      00428f10 f   main.obj
 0001:00027f50       _$E45                      00428f50 f   main.obj
 0001:00023b40       _$E42                      00424b40 f   CMap.obj
 0001:00023b80       _$E39                      00424b80 f   CMap.obj
 0001:00023bc0       _$E41                      00424bc0 f   CMap.obj
 0001:00023c00       _$E40                      00424c00 f   CMap.obj
 0001:00023c40       _$E47                      00424c40 f   CMap.obj
 0001:00023c80       _$E44                      00424c80 f   CMap.obj
 0001:00023cc0       _$E46                      00424cc0 f   CMap.obj
 0001:00023d00       _$E45                      00424d00 f   CMap.obj
 0001:0001f690       _$E42                      00420690 f   AI_world.obj
 0001:0001f6d0       _$E39                      004206d0 f   AI_world.obj
 0001:0001f710       _$E41                      00420710 f   AI_world.obj
 0001:0001f750       _$E40                      00420750 f   AI_world.obj
 0001:0001f790       _$E47                      00420790 f   AI_world.obj
 0001:0001f7d0       _$E44                      004207d0 f   AI_world.obj
 0001:0001f810       _$E46                      00420810 f   AI_world.obj
 0001:0001f850       _$E45                      00420850 f   AI_world.obj
 0001:0001ed10       _$E42                      0041fd10 f   AI_shared.obj
 0001:0001ed50       _$E39                      0041fd50 f   AI_shared.obj
 0001:0001ed90       _$E41                      0041fd90 f   AI_shared.obj
 0001:0001edd0       _$E40                      0041fdd0 f   AI_shared.obj
 0001:0001ee10       _$E47                      0041fe10 f   AI_shared.obj
 0001:0001ee50       _$E44                      0041fe50 f   AI_shared.obj
 0001:0001ee90       _$E46                      0041fe90 f   AI_shared.obj
 0001:0001eed0       _$E45                      0041fed0 f   AI_shared.obj
 0001:0001eb10       _$E42                      0041fb10 f   AI_ring.obj
 0001:0001eb50       _$E39                      0041fb50 f   AI_ring.obj
 0001:0001eb90       _$E41                      0041fb90 f   AI_ring.obj
 0001:0001ebd0       _$E40                      0041fbd0 f   AI_ring.obj
 0001:0001ec10       _$E47                      0041fc10 f   AI_ring.obj
 0001:0001ec50       _$E44                      0041fc50 f   AI_ring.obj
 0001:0001ec90       _$E46                      0041fc90 f   AI_ring.obj
 0001:0001ecd0       _$E45                      0041fcd0 f   AI_ring.obj
 0001:0001e430       _$E42                      0041f430 f   AI_renders_in_menu.obj
 0001:0001e470       _$E39                      0041f470 f   AI_renders_in_menu.obj
 0001:0001e4b0       _$E41                      0041f4b0 f   AI_renders_in_menu.obj
 0001:0001e4f0       _$E40                      0041f4f0 f   AI_renders_in_menu.obj
 0001:0001e530       _$E47                      0041f530 f   AI_renders_in_menu.obj
 0001:0001e570       _$E44                      0041f570 f   AI_renders_in_menu.obj
 0001:0001e5b0       _$E46                      0041f5b0 f   AI_renders_in_menu.obj
 0001:0001e5f0       _$E45                      0041f5f0 f   AI_renders_in_menu.obj
 0001:0001bb50       _$E42                      0041cb50 f   AI_renders.obj
 0001:0001bb90       _$E39                      0041cb90 f   AI_renders.obj
 0001:0001bbd0       _$E41                      0041cbd0 f   AI_renders.obj
 0001:0001bc10       _$E40                      0041cc10 f   AI_renders.obj
 0001:0001bc50       _$E47                      0041cc50 f   AI_renders.obj
 0001:0001bc90       _$E44                      0041cc90 f   AI_renders.obj
 0001:0001bcd0       _$E46                      0041ccd0 f   AI_renders.obj
 0001:0001bd10       _$E45                      0041cd10 f   AI_renders.obj
 0001:0001d840       _$E54                      0041e840 f   AI_renders.obj
 0001:0001b700       _$E42                      0041c700 f   AI_objects.obj
 0001:0001b740       _$E39                      0041c740 f   AI_objects.obj
 0001:0001b780       _$E41                      0041c780 f   AI_objects.obj
 0001:0001b7c0       _$E40                      0041c7c0 f   AI_objects.obj
 0001:0001b800       _$E47                      0041c800 f   AI_objects.obj
 0001:0001b840       _$E44                      0041c840 f   AI_objects.obj
 0001:0001b880       _$E46                      0041c880 f   AI_objects.obj
 0001:0001b8c0       _$E45                      0041c8c0 f   AI_objects.obj
 0001:0001a900       _$E42                      0041b900 f   AI_nest.obj
 0001:0001a940       _$E39                      0041b940 f   AI_nest.obj
 0001:0001a980       _$E41                      0041b980 f   AI_nest.obj
 0001:0001a9c0       _$E40                      0041b9c0 f   AI_nest.obj
 0001:0001aa00       _$E47                      0041ba00 f   AI_nest.obj
 0001:0001aa40       _$E44                      0041ba40 f   AI_nest.obj
 0001:0001aa80       _$E46                      0041ba80 f   AI_nest.obj
 0001:0001aac0       _$E45                      0041bac0 f   AI_nest.obj
 0001:0001a220       _$E42                      0041b220 f   AI_graphic_objects.obj
 0001:0001a260       _$E39                      0041b260 f   AI_graphic_objects.obj
 0001:0001a2a0       _$E41                      0041b2a0 f   AI_graphic_objects.obj
 0001:0001a2e0       _$E40                      0041b2e0 f   AI_graphic_objects.obj
 0001:0001a320       _$E47                      0041b320 f   AI_graphic_objects.obj
 0001:0001a360       _$E44                      0041b360 f   AI_graphic_objects.obj
 0001:0001a3a0       _$E46                      0041b3a0 f   AI_graphic_objects.obj
 0001:0001a3e0       _$E45                      0041b3e0 f   AI_graphic_objects.obj
 0001:0001a020       _$E42                      0041b020 f   AI_environment.obj
 0001:0001a060       _$E39                      0041b060 f   AI_environment.obj
 0001:0001a0a0       _$E41                      0041b0a0 f   AI_environment.obj
 0001:0001a0e0       _$E40                      0041b0e0 f   AI_environment.obj
 0001:0001a120       _$E47                      0041b120 f   AI_environment.obj
 0001:0001a160       _$E44                      0041b160 f   AI_environment.obj
 0001:0001a1a0       _$E46                      0041b1a0 f   AI_environment.obj
 0001:0001a1e0       _$E45                      0041b1e0 f   AI_environment.obj
 0001:00019970       _$E42                      0041a970 f   AI_enemies.obj
 0001:000199b0       _$E39                      0041a9b0 f   AI_enemies.obj
 0001:000199f0       _$E41                      0041a9f0 f   AI_enemies.obj
 0001:00019a30       _$E40                      0041aa30 f   AI_enemies.obj
 0001:00019a70       _$E47                      0041aa70 f   AI_enemies.obj
 0001:00019ab0       _$E44                      0041aab0 f   AI_enemies.obj
 0001:00019af0       _$E46                      0041aaf0 f   AI_enemies.obj
 0001:00019b30       _$E45                      0041ab30 f   AI_enemies.obj
 0001:00015490       _$E42                      00416490 f   AI_ants.obj
 0001:000154d0       _$E39                      004164d0 f   AI_ants.obj
 0001:00015510       _$E41                      00416510 f   AI_ants.obj
 0001:00015550       _$E40                      00416550 f   AI_ants.obj
 0001:00015590       _$E47                      00416590 f   AI_ants.obj
 0001:000155d0       _$E44                      004165d0 f   AI_ants.obj
 0001:00015610       _$E46                      00416610 f   AI_ants.obj
 0001:00015650       _$E45                      00416650 f   AI_ants.obj
 0001:00010b60       _$E42                      00411b60 f   CSoundManager.obj
 0001:00010ba0       _$E39                      00411ba0 f   CSoundManager.obj
 0001:00010be0       _$E41                      00411be0 f   CSoundManager.obj
 0001:00010c20       _$E40                      00411c20 f   CSoundManager.obj
 0001:00010c60       _$E47                      00411c60 f   CSoundManager.obj
 0001:00010ca0       _$E44                      00411ca0 f   CSoundManager.obj
 0001:00010ce0       _$E46                      00411ce0 f   CSoundManager.obj
 0001:00010d20       _$E45                      00411d20 f   CSoundManager.obj
 0001:0000eed0       _$E45                      0040fed0 f   C3DObjEditor.obj
 0001:0000ef10       _$E42                      0040ff10 f   C3DObjEditor.obj
 0001:0000ef50       _$E44                      0040ff50 f   C3DObjEditor.obj
 0001:0000ef90       _$E43                      0040ff90 f   C3DObjEditor.obj
 0001:00003af0       _$E45                      00404af0 f   C3DObject.obj
 0001:00003b30       _$E42                      00404b30 f   C3DObject.obj
 0001:00003b70       _$E44                      00404b70 f   C3DObject.obj
 0001:00003bb0       _$E43                      00404bb0 f   C3DObject.obj
 0001:00003bf0       _$E50                      00404bf0 f   C3DObject.obj
 0001:00003c30       _$E47                      00404c30 f   C3DObject.obj
 0001:00003c70       _$E49                      00404c70 f   C3DObject.obj
 0001:00003cb0       _$E48                      00404cb0 f   C3DObject.obj
 0001:00000000       _$E42                      00401000 f   3dsloader.obj
 0001:00000040       _$E39                      00401040 f   3dsloader.obj
 0001:00000080       _$E41                      00401080 f   3dsloader.obj
 0001:000000c0       _$E40                      004010c0 f   3dsloader.obj
 0001:00000100       _$E47                      00401100 f   3dsloader.obj
 0001:00000140       _$E44                      00401140 f   3dsloader.obj
 0001:00000180       _$E46                      00401180 f   3dsloader.obj
 0001:000001c0       _$E45                      004011c0 f   3dsloader.obj
 0001:00035100       _ShowError                 00436100 f   sdlmain:SDL_main.obj
 0001:00035130       _OutOfMemory               00436130 f   sdlmain:SDL_main.obj
 0001:00035150       _cleanup_output            00436150 f   sdlmain:SDL_main.obj
 0001:00035370       _ParseCommandLine          00436370 f   sdlmain:SDL_main.obj
 0001:00034e58       ?ArrayUnwindFilter@@YAHPAU_EXCEPTION_POINTERS@@@Z 00435e58 f   MSVCRT:ehvecdtr.obj
